Archive member included to satisfy reference by file (symbol)

/usr/lib/gcc/arm-none-eabi/13.2.0/../../../../arm-none-eabi/lib/thumb/v7e-m+dp/hard/libc_nano.a(libc_a-atexit.o)
                              /usr/lib/gcc/arm-none-eabi/13.2.0/../../../../arm-none-eabi/lib/thumb/v7e-m+dp/hard/crt0.o (atexit)
/usr/lib/gcc/arm-none-eabi/13.2.0/../../../../arm-none-eabi/lib/thumb/v7e-m+dp/hard/libc_nano.a(libc_a-exit.o)
                              /usr/lib/gcc/arm-none-eabi/13.2.0/../../../../arm-none-eabi/lib/thumb/v7e-m+dp/hard/crt0.o (exit)
/usr/lib/gcc/arm-none-eabi/13.2.0/../../../../arm-none-eabi/lib/thumb/v7e-m+dp/hard/libc_nano.a(libc_a-findfp.o)
                              /usr/lib/gcc/arm-none-eabi/13.2.0/../../../../arm-none-eabi/lib/thumb/v7e-m+dp/hard/libc_nano.a(libc_a-exit.o) (__stdio_exit_handler)
/usr/lib/gcc/arm-none-eabi/13.2.0/../../../../arm-none-eabi/lib/thumb/v7e-m+dp/hard/libc_nano.a(libc_a-fwalk.o)
                              /usr/lib/gcc/arm-none-eabi/13.2.0/../../../../arm-none-eabi/lib/thumb/v7e-m+dp/hard/libc_nano.a(libc_a-findfp.o) (_fwalk_sglue)
/usr/lib/gcc/arm-none-eabi/13.2.0/../../../../arm-none-eabi/lib/thumb/v7e-m+dp/hard/libc_nano.a(libc_a-stdio.o)
                              /usr/lib/gcc/arm-none-eabi/13.2.0/../../../../arm-none-eabi/lib/thumb/v7e-m+dp/hard/libc_nano.a(libc_a-findfp.o) (__sread)
/usr/lib/gcc/arm-none-eabi/13.2.0/../../../../arm-none-eabi/lib/thumb/v7e-m+dp/hard/libc_nano.a(libc_a-memset.o)
                              /usr/lib/gcc/arm-none-eabi/13.2.0/../../../../arm-none-eabi/lib/thumb/v7e-m+dp/hard/crt0.o (memset)
/usr/lib/gcc/arm-none-eabi/13.2.0/../../../../arm-none-eabi/lib/thumb/v7e-m+dp/hard/libc_nano.a(libc_a-closer.o)
                              /usr/lib/gcc/arm-none-eabi/13.2.0/../../../../arm-none-eabi/lib/thumb/v7e-m+dp/hard/libc_nano.a(libc_a-stdio.o) (_close_r)
/usr/lib/gcc/arm-none-eabi/13.2.0/../../../../arm-none-eabi/lib/thumb/v7e-m+dp/hard/libc_nano.a(libc_a-reent.o)
                              /usr/lib/gcc/arm-none-eabi/13.2.0/../../../../arm-none-eabi/lib/thumb/v7e-m+dp/hard/libc_nano.a(libc_a-closer.o) (errno)
/usr/lib/gcc/arm-none-eabi/13.2.0/../../../../arm-none-eabi/lib/thumb/v7e-m+dp/hard/libc_nano.a(libc_a-impure.o)
                              /usr/lib/gcc/arm-none-eabi/13.2.0/../../../../arm-none-eabi/lib/thumb/v7e-m+dp/hard/libc_nano.a(libc_a-reent.o) (_impure_ptr)
/usr/lib/gcc/arm-none-eabi/13.2.0/../../../../arm-none-eabi/lib/thumb/v7e-m+dp/hard/libc_nano.a(libc_a-lseekr.o)
                              /usr/lib/gcc/arm-none-eabi/13.2.0/../../../../arm-none-eabi/lib/thumb/v7e-m+dp/hard/libc_nano.a(libc_a-stdio.o) (_lseek_r)
/usr/lib/gcc/arm-none-eabi/13.2.0/../../../../arm-none-eabi/lib/thumb/v7e-m+dp/hard/libc_nano.a(libc_a-readr.o)
                              /usr/lib/gcc/arm-none-eabi/13.2.0/../../../../arm-none-eabi/lib/thumb/v7e-m+dp/hard/libc_nano.a(libc_a-stdio.o) (_read_r)
/usr/lib/gcc/arm-none-eabi/13.2.0/../../../../arm-none-eabi/lib/thumb/v7e-m+dp/hard/libc_nano.a(libc_a-writer.o)
                              /usr/lib/gcc/arm-none-eabi/13.2.0/../../../../arm-none-eabi/lib/thumb/v7e-m+dp/hard/libc_nano.a(libc_a-stdio.o) (_write_r)
/usr/lib/gcc/arm-none-eabi/13.2.0/../../../../arm-none-eabi/lib/thumb/v7e-m+dp/hard/libc_nano.a(libc_a-init.o)
                              /usr/lib/gcc/arm-none-eabi/13.2.0/../../../../arm-none-eabi/lib/thumb/v7e-m+dp/hard/crt0.o (__libc_init_array)
/usr/lib/gcc/arm-none-eabi/13.2.0/../../../../arm-none-eabi/lib/thumb/v7e-m+dp/hard/libc_nano.a(libc_a-fini.o)
                              /usr/lib/gcc/arm-none-eabi/13.2.0/../../../../arm-none-eabi/lib/thumb/v7e-m+dp/hard/crt0.o (__libc_fini_array)
/usr/lib/gcc/arm-none-eabi/13.2.0/../../../../arm-none-eabi/lib/thumb/v7e-m+dp/hard/libc_nano.a(libc_a-lock.o)
                              /usr/lib/gcc/arm-none-eabi/13.2.0/../../../../arm-none-eabi/lib/thumb/v7e-m+dp/hard/libc_nano.a(libc_a-findfp.o) (__retarget_lock_init_recursive)
/usr/lib/gcc/arm-none-eabi/13.2.0/../../../../arm-none-eabi/lib/thumb/v7e-m+dp/hard/libc_nano.a(libc_a-__atexit.o)
                              /usr/lib/gcc/arm-none-eabi/13.2.0/../../../../arm-none-eabi/lib/thumb/v7e-m+dp/hard/libc_nano.a(libc_a-atexit.o) (__register_exitproc)
/usr/lib/gcc/arm-none-eabi/13.2.0/../../../../arm-none-eabi/lib/thumb/v7e-m+dp/hard/libc_nano.a(libc_a-__call_atexit.o)
                              /usr/lib/gcc/arm-none-eabi/13.2.0/../../../../arm-none-eabi/lib/thumb/v7e-m+dp/hard/libc_nano.a(libc_a-__atexit.o) (__call_exitprocs)
/usr/lib/gcc/arm-none-eabi/13.2.0/../../../../arm-none-eabi/lib/thumb/v7e-m+dp/hard/libc_nano.a(libc_a-freer.o)
                              /usr/lib/gcc/arm-none-eabi/13.2.0/../../../../arm-none-eabi/lib/thumb/v7e-m+dp/hard/libc_nano.a(libc_a-reent.o) (_free_r)
/usr/lib/gcc/arm-none-eabi/13.2.0/../../../../arm-none-eabi/lib/thumb/v7e-m+dp/hard/libc_nano.a(libc_a-mallocr.o)
[...]
Memory Configuration

Name             Origin             Length             Attributes
DTCMRAM          0x20000000         0x00020000         xrw
RAM              0x24000000         0x00100000         xrw
ITCMRAM          0x00000000         0x00010000         xrw
FLASH            0x08000000         0x00200000         xr
*default*        0x00000000         0xffffffff

Linker script and memory map

LOAD /usr/lib/gcc/arm-none-eabi/13.2.0/thumb/v7e-m+dp/hard/crti.o
LOAD /usr/lib/gcc/arm-none-eabi/13.2.0/thumb/v7e-m+dp/hard/crtbegin.o
LOAD /usr/lib/gcc/arm-none-eabi/13.2.0/../../../../arm-none-eabi/lib/thumb/v7e-m+dp/hard/crt0.o
LOAD build/main.o
LOAD build/stm32h7xx_it.o
LOAD build/stm32h7xx_hal_msp.o
LOAD build/stm32h7xx_hal_cortex.o
LOAD build/stm32h7xx_hal_tim.o
LOAD build/stm32h7xx_hal_tim_ex.o
LOAD build/stm32h7xx_hal_uart.o
LOAD build/stm32h7xx_hal_uart_ex.o
LOAD build/stm32h7xx_hal_rcc.o
LOAD build/stm32h7xx_hal_rcc_ex.o
LOAD build/stm32h7xx_hal_flash.o
LOAD build/stm32h7xx_hal_flash_ex.o
LOAD build/stm32h7xx_hal_gpio.o
LOAD build/stm32h7xx_hal_hsem.o
LOAD build/stm32h7xx_hal_dma.o
LOAD build/stm32h7xx_hal_dma_ex.o
LOAD build/stm32h7xx_hal_mdma.o
LOAD build/stm32h7xx_hal_pwr.o
LOAD build/stm32h7xx_hal_pwr_ex.o
LOAD build/stm32h7xx_hal.o
LOAD build/stm32h7xx_hal_i2c.o
LOAD build/stm32h7xx_hal_i2c_ex.o
LOAD build/stm32h7xx_hal_exti.o
LOAD build/system_stm32h7xx.o
LOAD build/startup_stm32h7a3xxq.o
LOAD /usr/lib/gcc/arm-none-eabi/13.2.0/../../../../arm-none-eabi/lib/thumb/v7e-m+dp/hard/libc_nano.a
LOAD /usr/lib/gcc/arm-none-eabi/13.2.0/../../../../arm-none-eabi/lib/thumb/v7e-m+dp/hard/libm.a
LOAD /usr/lib/gcc/arm-none-eabi/13.2.0/../../../../arm-none-eabi/lib/thumb/v7e-m+dp/hard/libnosys.a
START GROUP
LOAD /usr/lib/gcc/arm-none-eabi/13.2.0/thumb/v7e-m+dp/hard/libgcc.a
LOAD /usr/lib/gcc/arm-none-eabi/13.2.0/../../../../arm-none-eabi/lib/thumb/v7e-m+dp/hard/libc_nano.a
END GROUP
START GROUP
LOAD /usr/lib/gcc/arm-none-eabi/13.2.0/thumb/v7e-m+dp/hard/libgcc.a
LOAD /usr/lib/gcc/arm-none-eabi/13.2.0/../../../../arm-none-eabi/lib/thumb/v7e-m+dp/hard/libc_nano.a
END GROUP
LOAD /usr/lib/gcc/arm-none-eabi/13.2.0/thumb/v7e-m+dp/hard/crtend.o
LOAD /usr/lib/gcc/arm-none-eabi/13.2.0/thumb/v7e-m+dp/hard/crtn.o
                0x20020000                        _estack = (ORIGIN (DTCMRAM) + LENGTH (DTCMRAM))
                0x00000200                        _Min_Heap_Size = 0x200
                0x00000400                        _Min_Stack_Size = 0x400

.isr_vector     0x08000000      0x2ac
                0x08000000                        . = ALIGN (0x4)
 *(.isr_vector)
 .isr_vector    0x08000000      0x2ac build/startup_stm32h7a3xxq.o
                0x08000000                g_pfnVectors
                0x080002ac                        . = ALIGN (0x4)

.text           0x080002ac     0x33b8
                0x080002ac                        . = ALIGN (0x4)
 *(.text)
 .text          0x080002ac       0x30 /usr/lib/gcc/arm-none-eabi/13.2.0/thumb/v7e-m+dp/hard/libgcc.a(_aeabi_uldivmod.o)
                0x080002ac                __aeabi_uldivmod
 .text          0x080002dc        0x4 /usr/lib/gcc/arm-none-eabi/13.2.0/thumb/v7e-m+dp/hard/libgcc.a(_dvmd_tls.o)
                0x080002dc                __aeabi_ldiv0
                0x080002dc                __aeabi_idiv0
 *(.text*)
 .text.__do_global_dtors_aux
                0x080002e0       0x24 /usr/lib/gcc/arm-none-eabi/13.2.0/thumb/v7e-m+dp/hard/crtbegin.o
 .text.frame_dummy
                0x08000304       0x1c /usr/lib/gcc/arm-none-eabi/13.2.0/thumb/v7e-m+dp/hard/crtbegin.o
 .text.MX_GPIO_Init
                0x08000320      0x1c0 build/main.o
 .text.Error_Handler
                0x080004e0        0x4 build/main.o
                0x080004e0                Error_Handler
 .text.MX_USART3_UART_Init
                0x080004e4       0x60 build/main.o
 .text.SystemClock_Config
                0x08000544       0xb4 build/main.o
                0x08000544                SystemClock_Config
 .text.main     0x080005f8       0x28 build/main.o
                0x080005f8                main
 .text.NMI_Handler
                0x08000620        0x2 build/stm32h7xx_it.o
                0x08000620                NMI_Handler
 .text.HardFault_Handler
                0x08000622        0x2 build/stm32h7xx_it.o
                0x08000622                HardFault_Handler
 .text.MemManage_Handler
                0x08000624        0x2 build/stm32h7xx_it.o
                0x08000624                MemManage_Handler
 .text.BusFault_Handler
                0x08000626        0x2 build/stm32h7xx_it.o
                0x08000626                BusFault_Handler
 .text.UsageFault_Handler
                0x08000628        0x2 build/stm32h7xx_it.o
                0x08000628                UsageFault_Handler
 .text.SVC_Handler
                0x0800062a        0x2 build/stm32h7xx_it.o
                0x0800062a                SVC_Handler
 .text.DebugMon_Handler
                0x0800062c        0x2 build/stm32h7xx_it.o
                0x0800062c                DebugMon_Handler
 .text.PendSV_Handler
                0x0800062e        0x2 build/stm32h7xx_it.o
                0x0800062e                PendSV_Handler
 .text.SysTick_Handler
                0x08000630        0x8 build/stm32h7xx_it.o
                0x08000630                SysTick_Handler
 .text.HAL_MspInit
                0x08000638       0x24 build/stm32h7xx_hal_msp.o
                0x08000638                HAL_MspInit
 .text.HAL_UART_MspInit
                0x0800065c       0x98 build/stm32h7xx_hal_msp.o
                0x0800065c                HAL_UART_MspInit
 .text.__NVIC_SetPriority
                0x080006f4       0x24 build/stm32h7xx_hal_cortex.o
 .text.NVIC_EncodePriority
                0x08000718       0x3e build/stm32h7xx_hal_cortex.o
 *fill*         0x08000756        0x2 
 .text.HAL_NVIC_SetPriorityGrouping
                0x08000758       0x24 build/stm32h7xx_hal_cortex.o
                0x08000758                HAL_NVIC_SetPriorityGrouping
 .text.HAL_NVIC_SetPriority
                0x0800077c       0x20 build/stm32h7xx_hal_cortex.o
                0x0800077c                HAL_NVIC_SetPriority
 .text.HAL_SYSTICK_Config
                0x0800079c       0x28 build/stm32h7xx_hal_cortex.o
                0x0800079c                HAL_SYSTICK_Config
 .text.UART_EndRxTransfer
                0x080007c4       0x58 build/stm32h7xx_hal_uart.o
 .text.UART_SetConfig
                0x0800081c      0x6c4 build/stm32h7xx_hal_uart.o
                0x0800081c                UART_SetConfig
 .text.UART_AdvFeatureConfig
                0x08000ee0       0xca build/stm32h7xx_hal_uart.o
                0x08000ee0                UART_AdvFeatureConfig
 .text.UART_WaitOnFlagUntilTimeout
                0x08000faa       0x96 build/stm32h7xx_hal_uart.o
                0x08000faa                UART_WaitOnFlagUntilTimeout
 .text.UART_CheckIdleState
                0x08001040       0xca build/stm32h7xx_hal_uart.o
                0x08001040                UART_CheckIdleState
 .text.HAL_UART_Init
                0x0800110a       0x66 build/stm32h7xx_hal_uart.o
                0x0800110a                HAL_UART_Init
 .text.UARTEx_SetNbDataToProcess
                0x08001170       0x4c build/stm32h7xx_hal_uart_ex.o
 .text.HAL_UARTEx_DisableFifoMode
                0x080011bc       0x3e build/stm32h7xx_hal_uart_ex.o
                0x080011bc                HAL_UARTEx_DisableFifoMode
 .text.HAL_UARTEx_SetTxFifoThreshold
                0x080011fa       0x4a build/stm32h7xx_hal_uart_ex.o
                0x080011fa                HAL_UARTEx_SetTxFifoThreshold
 .text.HAL_UARTEx_SetRxFifoThreshold
                0x08001244       0x4a build/stm32h7xx_hal_uart_ex.o
                0x08001244                HAL_UARTEx_SetRxFifoThreshold
 *fill*         0x0800128e        0x2 
 .text.HAL_RCC_OscConfig
                0x08001290      0x660 build/stm32h7xx_hal_rcc.o
                0x08001290                HAL_RCC_OscConfig
 .text.HAL_RCC_GetSysClockFreq
                0x080018f0      0x1f8 build/stm32h7xx_hal_rcc.o
                0x080018f0                HAL_RCC_GetSysClockFreq
 .text.HAL_RCC_ClockConfig
                0x08001ae8      0x294 build/stm32h7xx_hal_rcc.o
                0x08001ae8                HAL_RCC_ClockConfig
 .text.HAL_RCC_GetHCLKFreq
                0x08001d7c       0x44 build/stm32h7xx_hal_rcc.o
                0x08001d7c                HAL_RCC_GetHCLKFreq
 .text.HAL_RCC_GetPCLK1Freq
                0x08001dc0       0x24 build/stm32h7xx_hal_rcc.o
                0x08001dc0                HAL_RCC_GetPCLK1Freq
 .text.HAL_RCC_GetPCLK2Freq
                0x08001de4       0x24 build/stm32h7xx_hal_rcc.o
                0x08001de4                HAL_RCC_GetPCLK2Freq
 .text.RCCEx_PLL2_Config
                0x08001e08      0x108 build/stm32h7xx_hal_rcc_ex.o
 .text.RCCEx_PLL3_Config
                0x08001f10      0x108 build/stm32h7xx_hal_rcc_ex.o
 .text.HAL_RCCEx_PeriphCLKConfig
                0x08002018      0xa4c build/stm32h7xx_hal_rcc_ex.o
                0x08002018                HAL_RCCEx_PeriphCLKConfig
 .text.HAL_RCCEx_GetD3PCLK1Freq
                0x08002a64       0x24 build/stm32h7xx_hal_rcc_ex.o
                0x08002a64                HAL_RCCEx_GetD3PCLK1Freq
 .text.HAL_RCCEx_GetPLL2ClockFreq
                0x08002a88      0x200 build/stm32h7xx_hal_rcc_ex.o
                0x08002a88                HAL_RCCEx_GetPLL2ClockFreq
 .text.HAL_RCCEx_GetPLL3ClockFreq
                0x08002c88      0x200 build/stm32h7xx_hal_rcc_ex.o
                0x08002c88                HAL_RCCEx_GetPLL3ClockFreq
 .text.HAL_GPIO_Init
                0x08002e88      0x220 build/stm32h7xx_hal_gpio.o
                0x08002e88                HAL_GPIO_Init
 .text.HAL_GPIO_WritePin
                0x080030a8        0xc build/stm32h7xx_hal_gpio.o
                0x080030a8                HAL_GPIO_WritePin
 .text.HAL_GPIO_TogglePin
                0x080030b4       0x12 build/stm32h7xx_hal_gpio.o
                0x080030b4                HAL_GPIO_TogglePin
 *fill*         0x080030c6        0x2 
 .text.HAL_PWREx_ConfigSupply
                0x080030c8       0x94 build/stm32h7xx_hal_pwr_ex.o
                0x080030c8                HAL_PWREx_ConfigSupply
 .text.HAL_InitTick
                0x0800315c       0x50 build/stm32h7xx_hal.o
                0x0800315c                HAL_InitTick
 .text.HAL_Init
                0x080031ac       0x5c build/stm32h7xx_hal.o
                0x080031ac                HAL_Init
 .text.HAL_IncTick
                0x08003208       0x18 build/stm32h7xx_hal.o
                0x08003208                HAL_IncTick
 .text.HAL_GetTick
                0x08003220        0xc build/stm32h7xx_hal.o
                0x08003220                HAL_GetTick
 .text.HAL_Delay
                0x0800322c       0x28 build/stm32h7xx_hal.o
                0x0800322c                HAL_Delay
 .text.SystemInit
                0x08003254       0xac build/system_stm32h7xx.o
                0x08003254                SystemInit
 .text.Reset_Handler
                0x08003300       0x50 build/startup_stm32h7a3xxq.o
                0x08003300                Reset_Handler
 .text.Default_Handler
                0x08003350        0x2 build/startup_stm32h7a3xxq.o
                0x08003350                RTC_Alarm_IRQHandler
                0x08003350                EXTI2_IRQHandler
                0x08003350                TIM8_CC_IRQHandler
                0x08003350                UART8_IRQHandler
                0x08003350                BDMA2_Channel1_IRQHandler
                0x08003350                SPI4_IRQHandler
                0x08003350                BDMA2_Channel0_IRQHandler
                0x08003350                TIM1_CC_IRQHandler
                0x08003350                DMA2_Stream5_IRQHandler
                0x08003350                JPEG_IRQHandler
                0x08003350                DMA1_Stream5_IRQHandler
                0x08003350                EXTI3_IRQHandler
                0x08003350                LPTIM4_IRQHandler
                0x08003350                TIM8_TRG_COM_TIM14_IRQHandler
                0x08003350                LPTIM2_IRQHandler
                0x08003350                DFSDM1_FLT1_IRQHandler
                0x08003350                DMAMUX2_OVR_IRQHandler
                0x08003350                GFXMMU_IRQHandler
                0x08003350                TIM8_UP_TIM13_IRQHandler
                0x08003350                I2C3_ER_IRQHandler
                0x08003350                DFSDM1_FLT2_IRQHandler
                0x08003350                USART10_IRQHandler
                0x08003350                MDMA_IRQHandler
                0x08003350                LPTIM3_IRQHandler
                0x08003350                BDMA2_Channel3_IRQHandler
                0x08003350                HSEM1_IRQHandler
                0x08003350                EXTI0_IRQHandler
                0x08003350                I2C2_EV_IRQHandler
                0x08003350                DAC2_IRQHandler
                0x08003350                DMA1_Stream2_IRQHandler
                0x08003350                FPU_IRQHandler
                0x08003350                OTG_HS_WKUP_IRQHandler
                0x08003350                FDCAN1_IT1_IRQHandler
                0x08003350                LTDC_ER_IRQHandler
                0x08003350                DMA2_Stream2_IRQHandler
                0x08003350                SPI1_IRQHandler
                0x08003350                OCTOSPI1_IRQHandler
                0x08003350                TIM6_DAC_IRQHandler
                0x08003350                BDMA2_Channel6_IRQHandler
                0x08003350                DMA2_Stream3_IRQHandler
                0x08003350                OCTOSPI2_IRQHandler
                0x08003350                SAI2_IRQHandler
                0x08003350                BDMA1_IRQHandler
                0x08003350                DFSDM1_FLT3_IRQHandler
                0x08003350                USART6_IRQHandler
                0x08003350                TIM17_IRQHandler
                0x08003350                USART3_IRQHandler
                0x08003350                LPTIM5_IRQHandler
                0x08003350                UART5_IRQHandler
                0x08003350                DMA2_Stream0_IRQHandler
                0x08003350                TIM4_IRQHandler
                0x08003350                I2C1_EV_IRQHandler
                0x08003350                DMA1_Stream6_IRQHandler
                0x08003350                DMAMUX1_OVR_IRQHandler
                0x08003350                DMA1_Stream1_IRQHandler
                0x08003350                TIM16_IRQHandler
                0x08003350                UART4_IRQHandler
                0x08003350                TIM3_IRQHandler
                0x08003350                RCC_IRQHandler
                0x08003350                UART9_IRQHandler
                0x08003350                TIM8_BRK_TIM12_IRQHandler
                0x08003350                TIM1_TRG_COM_IRQHandler
                0x08003350                Default_Handler
                0x08003350                ECC_IRQHandler
                0x08003350                BDMA2_Channel2_IRQHandler
                0x08003350                CEC_IRQHandler
                0x08003350                EXTI15_10_IRQHandler
                0x08003350                DFSDM1_FLT4_IRQHandler
                0x08003350                ADC_IRQHandler
                0x08003350                DMA1_Stream7_IRQHandler
                0x08003350                SPI5_IRQHandler
                0x08003350                TIM7_IRQHandler
                0x08003350                SDMMC1_IRQHandler
                0x08003350                TIM5_IRQHandler
                0x08003350                DMA2_Stream7_IRQHandler
                0x08003350                TIM15_IRQHandler
                0x08003350                I2C3_EV_IRQHandler
                0x08003350                DFSDM2_IRQHandler
                0x08003350                EXTI9_5_IRQHandler
                0x08003350                RTC_WKUP_IRQHandler
                0x08003350                LTDC_IRQHandler
                0x08003350                SPDIF_RX_IRQHandler
                0x08003350                PVD_PVM_IRQHandler
                0x08003350                SPI2_IRQHandler
                0x08003350                OTG_HS_EP1_IN_IRQHandler
                0x08003350                DFSDM1_FLT5_IRQHandler
                0x08003350                DMA1_Stream0_IRQHandler
                0x08003350                CRS_IRQHandler
                0x08003350                EXTI4_IRQHandler
                0x08003350                DFSDM1_FLT6_IRQHandler
                0x08003350                RNG_IRQHandler
                0x08003350                FDCAN2_IT1_IRQHandler
                0x08003350                COMP_IRQHandler
                0x08003350                TIM1_UP_IRQHandler
                0x08003350                OTG_HS_EP1_OUT_IRQHandler
                0x08003350                WWDG_IRQHandler
                0x08003350                SPI6_IRQHandler
                0x08003350                MDIOS_IRQHandler
                0x08003350                I2C4_EV_IRQHandler
                0x08003350                FDCAN2_IT0_IRQHandler
                0x08003350                LPUART1_IRQHandler
                0x08003350                FDCAN1_IT0_IRQHandler
                0x08003350                TIM2_IRQHandler
                0x08003350                BDMA2_Channel5_IRQHandler
                0x08003350                OTG_HS_IRQHandler
                0x08003350                DMA2D_IRQHandler
                0x08003350                TIM1_BRK_IRQHandler
                0x08003350                EXTI1_IRQHandler
                0x08003350                SDMMC2_IRQHandler
                0x08003350                DTS_IRQHandler
                0x08003350                UART7_IRQHandler
                0x08003350                MDIOS_WKUP_IRQHandler
                0x08003350                USART2_IRQHandler
                0x08003350                DFSDM1_FLT0_IRQHandler
                0x08003350                I2C2_ER_IRQHandler
                0x08003350                DMA2_Stream1_IRQHandler
                0x08003350                DFSDM1_FLT7_IRQHandler
                0x08003350                FLASH_IRQHandler
                0x08003350                DMA2_Stream4_IRQHandler
                0x08003350                USART1_IRQHandler
                0x08003350                SPI3_IRQHandler
                0x08003350                WAKEUP_PIN_IRQHandler
                0x08003350                DMA1_Stream4_IRQHandler
                0x08003350                I2C1_ER_IRQHandler
                0x08003350                FMC_IRQHandler
                0x08003350                BDMA2_Channel7_IRQHandler
                0x08003350                FDCAN_CAL_IRQHandler
                0x08003350                SWPMI1_IRQHandler
                0x08003350                LPTIM1_IRQHandler
                0x08003350                DCMI_PSSI_IRQHandler
                0x08003350                I2C4_ER_IRQHandler
                0x08003350                DMA2_Stream6_IRQHandler
                0x08003350                SAI1_IRQHandler
                0x08003350                DMA1_Stream3_IRQHandler
                0x08003350                RTC_TAMP_STAMP_CSS_LSE_IRQHandler
                0x08003350                BDMA2_Channel4_IRQHandler
 .text.memset   0x08003352       0x10 /usr/lib/gcc/arm-none-eabi/13.2.0/../../../../arm-none-eabi/lib/thumb/v7e-m+dp/hard/libc_nano.a(libc_a-memset.o)
                0x08003352                memset
 *fill*         0x08003362        0x2 
 .text.__libc_init_array
                0x08003364       0x48 /usr/lib/gcc/arm-none-eabi/13.2.0/../../../../arm-none-eabi/lib/thumb/v7e-m+dp/hard/libc_nano.a(libc_a-init.o)
                0x08003364                __libc_init_array
 .text.__udivmoddi4
                0x080033ac      0x2a0 /usr/lib/gcc/arm-none-eabi/13.2.0/thumb/v7e-m+dp/hard/libgcc.a(_udivmoddi4.o)
                0x080033ac                __udivmoddi4
 *(.glue_7)
 .glue_7        0x0800364c        0x0 linker stubs
 *(.glue_7t)
 .glue_7t       0x0800364c        0x0 linker stubs
 *(.eh_frame)
 .eh_frame      0x0800364c        0x0 /usr/lib/gcc/arm-none-eabi/13.2.0/thumb/v7e-m+dp/hard/crtbegin.o
 *(.init)
 .init          0x0800364c        0x4 /usr/lib/gcc/arm-none-eabi/13.2.0/thumb/v7e-m+dp/hard/crti.o
                0x0800364c                _init
 .init          0x08003650        0x8 /usr/lib/gcc/arm-none-eabi/13.2.0/thumb/v7e-m+dp/hard/crtn.o
 *(.fini)
 .fini          0x08003658        0x4 /usr/lib/gcc/arm-none-eabi/13.2.0/thumb/v7e-m+dp/hard/crti.o
                0x08003658                _fini
 .fini          0x0800365c        0x8 /usr/lib/gcc/arm-none-eabi/13.2.0/thumb/v7e-m+dp/hard/crtn.o
                0x08003664                        . = ALIGN (0x4)
                0x08003664                        _etext = .

.vfp11_veneer   0x08003664        0x0
 .vfp11_veneer  0x08003664        0x0 linker stubs

.v4_bx          0x08003664        0x0
 .v4_bx         0x08003664        0x0 linker stubs

.iplt           0x08003664        0x0
 .iplt          0x08003664        0x0 /usr/lib/gcc/arm-none-eabi/13.2.0/thumb/v7e-m+dp/hard/crtbegin.o

.rodata         0x08003664       0x38
                0x08003664                        . = ALIGN (0x4)
 *(.rodata)
 *(.rodata*)
 .rodata.UARTPrescTable
                0x08003664       0x18 build/stm32h7xx_hal_uart.o
                0x08003664                UARTPrescTable
 .rodata.denominator.0
                0x0800367c        0x8 build/stm32h7xx_hal_uart_ex.o
 .rodata.numerator.1
                0x08003684        0x8 build/stm32h7xx_hal_uart_ex.o
 .rodata.D1CorePrescTable
                0x0800368c       0x10 build/system_stm32h7xx.o
                0x0800368c                D1CorePrescTable
                0x0800369c                        . = ALIGN (0x4)

.ARM.extab
 *(.ARM.extab* .gnu.linkonce.armextab.*)

.ARM            0x0800369c        0x8
                0x0800369c                        __exidx_start = .
 *(.ARM.exidx*)
 .ARM.exidx.text.__udivmoddi4
                0x0800369c        0x8 /usr/lib/gcc/arm-none-eabi/13.2.0/thumb/v7e-m+dp/hard/libgcc.a(_udivmoddi4.o)
                0x080036a4                        __exidx_end = .

.rel.dyn        0x080036a4        0x0
 .rel.iplt      0x080036a4        0x0 /usr/lib/gcc/arm-none-eabi/13.2.0/thumb/v7e-m+dp/hard/crtbegin.o

.preinit_array  0x080036a4        0x0
                0x080036a4                        PROVIDE (__preinit_array_start = .)
 *(.preinit_array*)
                0x080036a4                        PROVIDE (__preinit_array_end = .)

.init_array     0x080036a4        0x4
                0x080036a4                        PROVIDE (__init_array_start = .)
 *(SORT_BY_NAME(.init_array.*))
 *(.init_array*)
 .init_array    0x080036a4        0x4 /usr/lib/gcc/arm-none-eabi/13.2.0/thumb/v7e-m+dp/hard/crtbegin.o
                0x080036a8                        PROVIDE (__init_array_end = .)

.fini_array     0x080036a8        0x4
                0x080036a8                        PROVIDE (__fini_array_start = .)
 *(SORT_BY_NAME(.fini_array.*))
 *(.fini_array*)
 .fini_array    0x080036a8        0x4 /usr/lib/gcc/arm-none-eabi/13.2.0/thumb/v7e-m+dp/hard/crtbegin.o
                0x080036ac                        PROVIDE (__fini_array_end = .)
                0x080036ac                        _sidata = LOADADDR (.data)

.data           0x20000000       0x10 load address 0x080036ac
                0x20000000                        . = ALIGN (0x4)
                0x20000000                        _sdata = .
 *(.data)
 *(.data*)
 .data.uwTickFreq
                0x20000000        0x1 build/stm32h7xx_hal.o
                0x20000000                uwTickFreq
 *fill*         0x20000001        0x3 
 .data.uwTickPrio
                0x20000004        0x4 build/stm32h7xx_hal.o
                0x20000004                uwTickPrio
 .data.SystemD2Clock
                0x20000008        0x4 build/system_stm32h7xx.o
                0x20000008                SystemD2Clock
 .data.SystemCoreClock
                0x2000000c        0x4 build/system_stm32h7xx.o
                0x2000000c                SystemCoreClock
                0x20000010                        . = ALIGN (0x4)
                0x20000010                        _edata = .

.igot.plt       0x20000010        0x0 load address 0x080036bc
 .igot.plt      0x20000010        0x0 /usr/lib/gcc/arm-none-eabi/13.2.0/thumb/v7e-m+dp/hard/crtbegin.o
                0x20000010                        . = ALIGN (0x4)

.bss            0x20000010       0xb4 load address 0x080036bc
                0x20000010                        _sbss = .
                0x20000010                        __bss_start__ = _sbss
 *(.bss)
 *(.bss*)
 .bss.completed.1
                0x20000010        0x1 /usr/lib/gcc/arm-none-eabi/13.2.0/thumb/v7e-m+dp/hard/crtbegin.o
 *fill*         0x20000011        0x3 
 .bss.object.0  0x20000014       0x18 /usr/lib/gcc/arm-none-eabi/13.2.0/thumb/v7e-m+dp/hard/crtbegin.o
 .bss.huart3    0x2000002c       0x94 build/main.o
                0x2000002c                huart3
 .bss.uwTick    0x200000c0        0x4 build/stm32h7xx_hal.o
                0x200000c0                uwTick
 *(COMMON)
                0x200000c4                        . = ALIGN (0x4)
                0x200000c4                        _ebss = .
                0x200000c4                        __bss_end__ = _ebss

._user_heap_stack
                0x200000c4      0x604 load address 0x080036bc
                0x200000c8                        . = ALIGN (0x8)
 *fill*         0x200000c4        0x4 
                0x200000c8                        PROVIDE (end = .)
                [!provide]                        PROVIDE (_end = .)
                0x200002c8                        . = (. + _Min_Heap_Size)
 *fill*         0x200000c8      0x200 
                0x200006c8                        . = (. + _Min_Stack_Size)
 *fill*         0x200002c8      0x400 
                0x200006c8                        . = ALIGN (0x8)

/DISCARD/
 libc.a(*)
 libm.a(*)
 libgcc.a(*)

.ARM.attributes
                0x00000000       0x2e
 *(.ARM.attributes)
 .ARM.attributes
                0x00000000       0x20 /usr/lib/gcc/arm-none-eabi/13.2.0/thumb/v7e-m+dp/hard/crti.o
 .ARM.attributes
                0x00000020       0x32 /usr/lib/gcc/arm-none-eabi/13.2.0/thumb/v7e-m+dp/hard/crtbegin.o
 .ARM.attributes
                0x00000052       0x32 build/main.o
 .ARM.attributes
                0x00000084       0x32 build/stm32h7xx_it.o
 .ARM.attributes
                0x000000b6       0x32 build/stm32h7xx_hal_msp.o
 .ARM.attributes
                0x000000e8       0x32 build/stm32h7xx_hal_cortex.o
 .ARM.attributes
                0x0000011a       0x32 build/stm32h7xx_hal_uart.o
 .ARM.attributes
                0x0000014c       0x32 build/stm32h7xx_hal_uart_ex.o
 .ARM.attributes
                0x0000017e       0x32 build/stm32h7xx_hal_rcc.o
 .ARM.attributes
                0x000001b0       0x32 build/stm32h7xx_hal_rcc_ex.o
 .ARM.attributes
                0x000001e2       0x32 build/stm32h7xx_hal_gpio.o
 .ARM.attributes
                0x00000214       0x32 build/stm32h7xx_hal_pwr_ex.o
 .ARM.attributes
                0x00000246       0x32 build/stm32h7xx_hal.o
 .ARM.attributes
                0x00000278       0x32 build/system_stm32h7xx.o
 .ARM.attributes
                0x000002aa       0x21 build/startup_stm32h7a3xxq.o
 .ARM.attributes
                0x000002cb       0x32 /usr/lib/gcc/arm-none-eabi/13.2.0/../../../../arm-none-eabi/lib/thumb/v7e-m+dp/hard/libc_nano.a(libc_a-memset.o)
 .ARM.attributes
                0x000002fd       0x32 /usr/lib/gcc/arm-none-eabi/13.2.0/../../../../arm-none-eabi/lib/thumb/v7e-m+dp/hard/libc_nano.a(libc_a-init.o)
 .ARM.attributes
                0x0000032f       0x20 /usr/lib/gcc/arm-none-eabi/13.2.0/thumb/v7e-m+dp/hard/libgcc.a(_aeabi_uldivmod.o)
 .ARM.attributes
                0x0000034f       0x32 /usr/lib/gcc/arm-none-eabi/13.2.0/thumb/v7e-m+dp/hard/libgcc.a(_udivmoddi4.o)
 .ARM.attributes
                0x00000381       0x20 /usr/lib/gcc/arm-none-eabi/13.2.0/thumb/v7e-m+dp/hard/libgcc.a(_dvmd_tls.o)
 .ARM.attributes
                0x000003a1       0x20 /usr/lib/gcc/arm-none-eabi/13.2.0/thumb/v7e-m+dp/hard/crtn.o
OUTPUT(build/Blink.elf elf32-littlearm)
LOAD linker stubs
LOAD /usr/lib/gcc/arm-none-eabi/13.2.0/../../../../arm-none-eabi/lib/thumb/v7e-m+dp/hard/libc.a
LOAD /usr/lib/gcc/arm-none-eabi/13.2.0/../../../../arm-none-eabi/lib/thumb/v7e-m+dp/hard/libm.a
LOAD /usr/lib/gcc/arm-none-eabi/13.2.0/thumb/v7e-m+dp/hard/libgcc.a

.debug_info     0x00000000    0x13f8a
 .debug_info    0x00000000     0x1717 build/main.o
 .debug_info    0x00001717      0x16d build/stm32h7xx_it.o
 .debug_info    0x00001884     0x134c build/stm32h7xx_hal_msp.o
 .debug_info    0x00002bd0     0x1503 build/stm32h7xx_hal_cortex.o
 .debug_info    0x000040d3     0x6ae3 build/stm32h7xx_hal_uart.o
 .debug_info    0x0000abb6     0x13f7 build/stm32h7xx_hal_uart_ex.o
 .debug_info    0x0000bfad     0x1406 build/stm32h7xx_hal_rcc.o
 .debug_info    0x0000d3b3     0x1c6c build/stm32h7xx_hal_rcc_ex.o
 .debug_info    0x0000f01f      0xd6e build/stm32h7xx_hal_gpio.o
 .debug_info    0x0000fd8d     0x12e3 build/stm32h7xx_hal_pwr_ex.o
 .debug_info    0x00011070     0x177c build/stm32h7xx_hal.o
 .debug_info    0x000127ec      0xe20 build/system_stm32h7xx.o
 .debug_info    0x0001360c       0x30 build/startup_stm32h7a3xxq.o
 .debug_info    0x0001363c       0xe0 /usr/lib/gcc/arm-none-eabi/13.2.0/../../../../arm-none-eabi/lib/thumb/v7e-m+dp/hard/libc_nano.a(libc_a-memset.o)
 .debug_info    0x0001371c      0x10b /usr/lib/gcc/arm-none-eabi/13.2.0/../../../../arm-none-eabi/lib/thumb/v7e-m+dp/hard/libc_nano.a(libc_a-init.o)
 .debug_info    0x00013827       0x24 /usr/lib/gcc/arm-none-eabi/13.2.0/thumb/v7e-m+dp/hard/libgcc.a(_aeabi_uldivmod.o)
 .debug_info    0x0001384b      0x703 /usr/lib/gcc/arm-none-eabi/13.2.0/thumb/v7e-m+dp/hard/libgcc.a(_udivmoddi4.o)
 .debug_info    0x00013f4e       0x3c /usr/lib/gcc/arm-none-eabi/13.2.0/thumb/v7e-m+dp/hard/libgcc.a(_dvmd_tls.o)

.debug_abbrev   0x00000000     0x214d
 .debug_abbrev  0x00000000      0x2bc build/main.o
 .debug_abbrev  0x000002bc       0x80 build/stm32h7xx_it.o
 .debug_abbrev  0x0000033c      0x212 build/stm32h7xx_hal_msp.o
 .debug_abbrev  0x0000054e      0x3e6 build/stm32h7xx_hal_cortex.o
 .debug_abbrev  0x00000934      0x391 build/stm32h7xx_hal_uart.o
 .debug_abbrev  0x00000cc5      0x348 build/stm32h7xx_hal_uart_ex.o
 .debug_abbrev  0x0000100d      0x29b build/stm32h7xx_hal_rcc.o
 .debug_abbrev  0x000012a8      0x285 build/stm32h7xx_hal_rcc_ex.o
 .debug_abbrev  0x0000152d      0x253 build/stm32h7xx_hal_gpio.o
 .debug_abbrev  0x00001780      0x2ca build/stm32h7xx_hal_pwr_ex.o
 .debug_abbrev  0x00001a4a      0x2b1 build/stm32h7xx_hal.o
 .debug_abbrev  0x00001cfb      0x12a build/system_stm32h7xx.o
 .debug_abbrev  0x00001e25       0x1d build/startup_stm32h7a3xxq.o
 .debug_abbrev  0x00001e42       0x9e /usr/lib/gcc/arm-none-eabi/13.2.0/../../../../arm-none-eabi/lib/thumb/v7e-m+dp/hard/libc_nano.a(libc_a-memset.o)
 .debug_abbrev  0x00001ee0       0xc9 /usr/lib/gcc/arm-none-eabi/13.2.0/../../../../arm-none-eabi/lib/thumb/v7e-m+dp/hard/libc_nano.a(libc_a-init.o)
 .debug_abbrev  0x00001fa9       0x14 /usr/lib/gcc/arm-none-eabi/13.2.0/thumb/v7e-m+dp/hard/libgcc.a(_aeabi_uldivmod.o)
 .debug_abbrev  0x00001fbd      0x16a /usr/lib/gcc/arm-none-eabi/13.2.0/thumb/v7e-m+dp/hard/libgcc.a(_udivmoddi4.o)
 .debug_abbrev  0x00002127       0x26 /usr/lib/gcc/arm-none-eabi/13.2.0/thumb/v7e-m+dp/hard/libgcc.a(_dvmd_tls.o)

.debug_loc      0x00000000     0xba97
 .debug_loc     0x00000000       0xbf build/main.o
 .debug_loc     0x000000bf       0x20 build/stm32h7xx_it.o
 .debug_loc     0x000000df      0x102 build/stm32h7xx_hal_msp.o
 .debug_loc     0x000001e1      0x898 build/stm32h7xx_hal_cortex.o
 .debug_loc     0x00000a79     0x6654 build/stm32h7xx_hal_uart.o
 .debug_loc     0x000070cd      0xe65 build/stm32h7xx_hal_uart_ex.o
 .debug_loc     0x00007f32      0xabc build/stm32h7xx_hal_rcc.o
 .debug_loc     0x000089ee     0x1e9a build/stm32h7xx_hal_rcc_ex.o
 .debug_loc     0x0000a888      0x4b2 build/stm32h7xx_hal_gpio.o
 .debug_loc     0x0000ad3a      0x5f7 build/stm32h7xx_hal_pwr_ex.o
 .debug_loc     0x0000b331      0x58e build/stm32h7xx_hal.o
 .debug_loc     0x0000b8bf      0x1d8 build/system_stm32h7xx.o

.debug_aranges  0x00000000      0xa90
 .debug_aranges
                0x00000000       0x40 build/main.o
 .debug_aranges
                0x00000040       0x60 build/stm32h7xx_it.o
 .debug_aranges
                0x000000a0       0x30 build/stm32h7xx_hal_msp.o
 .debug_aranges
                0x000000d0       0xe8 build/stm32h7xx_hal_cortex.o
 .debug_aranges
                0x000001b8      0x248 build/stm32h7xx_hal_uart.o
 .debug_aranges
                0x00000400       0xa8 build/stm32h7xx_hal_uart_ex.o
 .debug_aranges
                0x000004a8       0x88 build/stm32h7xx_hal_rcc.o
 .debug_aranges
                0x00000530       0xf0 build/stm32h7xx_hal_rcc_ex.o
 .debug_aranges
                0x00000620       0x58 build/stm32h7xx_hal_gpio.o
 .debug_aranges
                0x00000678      0x188 build/stm32h7xx_hal_pwr_ex.o
 .debug_aranges
                0x00000800      0x1a0 build/stm32h7xx_hal.o
 .debug_aranges
                0x000009a0       0x28 build/system_stm32h7xx.o
 .debug_aranges
                0x000009c8       0x28 build/startup_stm32h7a3xxq.o
 .debug_aranges
                0x000009f0       0x20 /usr/lib/gcc/arm-none-eabi/13.2.0/../../../../arm-none-eabi/lib/thumb/v7e-m+dp/hard/libc_nano.a(libc_a-memset.o)
 .debug_aranges
                0x00000a10       0x20 /usr/lib/gcc/arm-none-eabi/13.2.0/../../../../arm-none-eabi/lib/thumb/v7e-m+dp/hard/libc_nano.a(libc_a-init.o)
 .debug_aranges
                0x00000a30       0x20 /usr/lib/gcc/arm-none-eabi/13.2.0/thumb/v7e-m+dp/hard/libgcc.a(_aeabi_uldivmod.o)
 .debug_aranges
                0x00000a50       0x20 /usr/lib/gcc/arm-none-eabi/13.2.0/thumb/v7e-m+dp/hard/libgcc.a(_udivmoddi4.o)
 .debug_aranges
                0x00000a70       0x20 /usr/lib/gcc/arm-none-eabi/13.2.0/thumb/v7e-m+dp/hard/libgcc.a(_dvmd_tls.o)

.debug_ranges   0x00000000      0x9f8
 .debug_ranges  0x00000000       0x30 build/main.o
 .debug_ranges  0x00000030       0x50 build/stm32h7xx_it.o
 .debug_ranges  0x00000080       0x20 build/stm32h7xx_hal_msp.o
 .debug_ranges  0x000000a0       0xd8 build/stm32h7xx_hal_cortex.o
 .debug_ranges  0x00000178      0x238 build/stm32h7xx_hal_uart.o
 .debug_ranges  0x000003b0       0x98 build/stm32h7xx_hal_uart_ex.o
 .debug_ranges  0x00000448       0xe8 build/stm32h7xx_hal_rcc.o
 .debug_ranges  0x00000530       0xe0 build/stm32h7xx_hal_rcc_ex.o
 .debug_ranges  0x00000610       0x48 build/stm32h7xx_hal_gpio.o
 .debug_ranges  0x00000658      0x1d8 build/stm32h7xx_hal_pwr_ex.o
 .debug_ranges  0x00000830      0x190 build/stm32h7xx_hal.o
 .debug_ranges  0x000009c0       0x18 build/system_stm32h7xx.o
 .debug_ranges  0x000009d8       0x20 build/startup_stm32h7a3xxq.o

.debug_line     0x00000000     0xc3e8
 .debug_line    0x00000000      0x552 build/main.o
 .debug_line    0x00000552      0x13b build/stm32h7xx_it.o
 .debug_line    0x0000068d      0x275 build/stm32h7xx_hal_msp.o
 .debug_line    0x00000902      0x7aa build/stm32h7xx_hal_cortex.o
 .debug_line    0x000010ac     0x516a build/stm32h7xx_hal_uart.o
 .debug_line    0x00006216      0xa31 build/stm32h7xx_hal_uart_ex.o
 .debug_line    0x00006c47     0x130a build/stm32h7xx_hal_rcc.o
 .debug_line    0x00007f51     0x1e28 build/stm32h7xx_hal_rcc_ex.o
 .debug_line    0x00009d79      0x6b0 build/stm32h7xx_hal_gpio.o
 .debug_line    0x0000a429      0xb10 build/stm32h7xx_hal_pwr_ex.o
 .debug_line    0x0000af39      0x891 build/stm32h7xx_hal.o
 .debug_line    0x0000b7ca      0x3a5 build/system_stm32h7xx.o
 .debug_line    0x0000bb6f       0x74 build/startup_stm32h7a3xxq.o
 .debug_line    0x0000bbe3      0x123 /usr/lib/gcc/arm-none-eabi/13.2.0/../../../../arm-none-eabi/lib/thumb/v7e-m+dp/hard/libc_nano.a(libc_a-memset.o)
 .debug_line    0x0000bd06      0x135 /usr/lib/gcc/arm-none-eabi/13.2.0/../../../../arm-none-eabi/lib/thumb/v7e-m+dp/hard/libc_nano.a(libc_a-init.o)
 .debug_line    0x0000be3b       0x4e /usr/lib/gcc/arm-none-eabi/13.2.0/thumb/v7e-m+dp/hard/libgcc.a(_aeabi_uldivmod.o)
 .debug_line    0x0000be89      0x515 /usr/lib/gcc/arm-none-eabi/13.2.0/thumb/v7e-m+dp/hard/libgcc.a(_udivmoddi4.o)
 .debug_line    0x0000c39e       0x4a /usr/lib/gcc/arm-none-eabi/13.2.0/thumb/v7e-m+dp/hard/libgcc.a(_dvmd_tls.o)

.debug_str      0x00000000     0x4a4e
 .debug_str     0x00000000     0x4a4e build/main.o
                                0xd66 (size before relaxing)
 .debug_str     0x00004a4e      0x210 build/stm32h7xx_it.o
 .debug_str     0x00004a4e      0xdf1 build/stm32h7xx_hal_msp.o
 .debug_str     0x00004a4e      0xfd8 build/stm32h7xx_hal_cortex.o
 .debug_str     0x00004a4e     0x14a5 build/stm32h7xx_hal_uart.o
 .debug_str     0x00004a4e      0xb78 build/stm32h7xx_hal_uart_ex.o
 .debug_str     0x00004a4e      0xa1d build/stm32h7xx_hal_rcc.o
 .debug_str     0x00004a4e      0xedc build/stm32h7xx_hal_rcc_ex.o
 .debug_str     0x00004a4e      0x693 build/stm32h7xx_hal_gpio.o
 .debug_str     0x00004a4e      0xacc build/stm32h7xx_hal_pwr_ex.o
 .debug_str     0x00004a4e     0x143d build/stm32h7xx_hal.o
 .debug_str     0x00004a4e      0x6f4 build/system_stm32h7xx.o
 .debug_str     0x00004a4e       0x59 build/startup_stm32h7a3xxq.o
 .debug_str     0x00004a4e      0x1c2 /usr/lib/gcc/arm-none-eabi/13.2.0/../../../../arm-none-eabi/lib/thumb/v7e-m+dp/hard/libc_nano.a(libc_a-memset.o)
 .debug_str     0x00004a4e      0x223 /usr/lib/gcc/arm-none-eabi/13.2.0/../../../../arm-none-eabi/lib/thumb/v7e-m+dp/hard/libc_nano.a(libc_a-init.o)
 .debug_str     0x00004a4e       0x9e /usr/lib/gcc/arm-none-eabi/13.2.0/thumb/v7e-m+dp/hard/libgcc.a(_aeabi_uldivmod.o)
 .debug_str     0x00004a4e      0x6b9 /usr/lib/gcc/arm-none-eabi/13.2.0/thumb/v7e-m+dp/hard/libgcc.a(_udivmoddi4.o)
 .debug_str     0x00004a4e       0xbe /usr/lib/gcc/arm-none-eabi/13.2.0/thumb/v7e-m+dp/hard/libgcc.a(_dvmd_tls.o)

.comment        0x00000000       0x3c
 .comment       0x00000000       0x3c build/main.o
                                 0x1f (size before relaxing)
 .comment       0x0000003c       0x1f build/stm32h7xx_it.o
 .comment       0x0000003c       0x1f build/stm32h7xx_hal_msp.o
 .comment       0x0000003c       0x1f build/stm32h7xx_hal_cortex.o
 .comment       0x0000003c       0x1f build/stm32h7xx_hal_uart.o
 .comment       0x0000003c       0x1f build/stm32h7xx_hal_uart_ex.o
 .comment       0x0000003c       0x1f build/stm32h7xx_hal_rcc.o
 .comment       0x0000003c       0x1f build/stm32h7xx_hal_rcc_ex.o
 .comment       0x0000003c       0x1f build/stm32h7xx_hal_gpio.o
 .comment       0x0000003c       0x1f build/stm32h7xx_hal_pwr_ex.o
 .comment       0x0000003c       0x1f build/stm32h7xx_hal.o
 .comment       0x0000003c       0x1f build/system_stm32h7xx.o
 .comment       0x0000003c       0x1f /usr/lib/gcc/arm-none-eabi/13.2.0/../../../../arm-none-eabi/lib/thumb/v7e-m+dp/hard/libc_nano.a(libc_a-memset.o)
 .comment       0x0000003c       0x1f /usr/lib/gcc/arm-none-eabi/13.2.0/../../../../arm-none-eabi/lib/thumb/v7e-m+dp/hard/libc_nano.a(libc_a-init.o)
 .comment       0x0000003c       0x1f /usr/lib/gcc/arm-none-eabi/13.2.0/thumb/v7e-m+dp/hard/libgcc.a(_udivmoddi4.o)

.debug_frame    0x00000000     0x1858
 .debug_frame   0x00000000       0x98 build/main.o
 .debug_frame   0x00000098       0xa8 build/stm32h7xx_it.o
 .debug_frame   0x00000140       0x64 build/stm32h7xx_hal_msp.o
 .debug_frame   0x000001a4      0x1f4 build/stm32h7xx_hal_cortex.o
 .debug_frame   0x00000398      0x680 build/stm32h7xx_hal_uart.o
 .debug_frame   0x00000a18      0x1c8 build/stm32h7xx_hal_uart_ex.o
 .debug_frame   0x00000be0      0x184 build/stm32h7xx_hal_rcc.o
 .debug_frame   0x00000d64      0x274 build/stm32h7xx_hal_rcc_ex.o
 .debug_frame   0x00000fd8       0xd4 build/stm32h7xx_hal_gpio.o
 .debug_frame   0x000010ac      0x354 build/stm32h7xx_hal_pwr_ex.o
 .debug_frame   0x00001400      0x370 build/stm32h7xx_hal.o
 .debug_frame   0x00001770       0x3c build/system_stm32h7xx.o
 .debug_frame   0x000017ac       0x20 /usr/lib/gcc/arm-none-eabi/13.2.0/../../../../arm-none-eabi/lib/thumb/v7e-m+dp/hard/libc_nano.a(libc_a-memset.o)
 .debug_frame   0x000017cc       0x2c /usr/lib/gcc/arm-none-eabi/13.2.0/../../../../arm-none-eabi/lib/thumb/v7e-m+dp/hard/libc_nano.a(libc_a-init.o)
 .debug_frame   0x000017f8       0x2c /usr/lib/gcc/arm-none-eabi/13.2.0/thumb/v7e-m+dp/hard/libgcc.a(_aeabi_uldivmod.o)
 .debug_frame   0x00001824       0x34 /usr/lib/gcc/arm-none-eabi/13.2.0/thumb/v7e-m+dp/hard/libgcc.a(_udivmoddi4.o)

.debug_loclists
                0x00000000      0x7f3
 .debug_loclists
                0x00000000       0x47 /usr/lib/gcc/arm-none-eabi/13.2.0/../../../../arm-none-eabi/lib/thumb/v7e-m+dp/hard/libc_nano.a(libc_a-memset.o)
 .debug_loclists
                0x00000047       0x44 /usr/lib/gcc/arm-none-eabi/13.2.0/../../../../arm-none-eabi/lib/thumb/v7e-m+dp/hard/libc_nano.a(libc_a-init.o)
 .debug_loclists
                0x0000008b      0x768 /usr/lib/gcc/arm-none-eabi/13.2.0/thumb/v7e-m+dp/hard/libgcc.a(_udivmoddi4.o)

.debug_rnglists
                0x00000000       0x93
 .debug_rnglists
                0x00000000       0x13 /usr/lib/gcc/arm-none-eabi/13.2.0/../../../../arm-none-eabi/lib/thumb/v7e-m+dp/hard/libc_nano.a(libc_a-memset.o)
 .debug_rnglists
                0x00000013       0x13 /usr/lib/gcc/arm-none-eabi/13.2.0/../../../../arm-none-eabi/lib/thumb/v7e-m+dp/hard/libc_nano.a(libc_a-init.o)
 .debug_rnglists
                0x00000026       0x6d /usr/lib/gcc/arm-none-eabi/13.2.0/thumb/v7e-m+dp/hard/libgcc.a(_udivmoddi4.o)

.debug_line_str
                0x00000000       0x9e
 .debug_line_str
                0x00000000       0x9e /usr/lib/gcc/arm-none-eabi/13.2.0/thumb/v7e-m+dp/hard/libgcc.a(_aeabi_uldivmod.o)
                                 0x92 (size before relaxing)
 .debug_line_str
                0x0000009e       0x96 /usr/lib/gcc/arm-none-eabi/13.2.0/thumb/v7e-m+dp/hard/libgcc.a(_dvmd_tls.o)

Cross Reference Table

Symbol                                            File
ADC_IRQHandler                                    build/startup_stm32h7a3xxq.o
BDMA1_IRQHandler                                  build/startup_stm32h7a3xxq.o
BDMA2_Channel0_IRQHandler                         build/startup_stm32h7a3xxq.o
BDMA2_Channel1_IRQHandler                         build/startup_stm32h7a3xxq.o
BDMA2_Channel2_IRQHandler                         build/startup_stm32h7a3xxq.o
BDMA2_Channel3_IRQHandler                         build/startup_stm32h7a3xxq.o
BDMA2_Channel4_IRQHandler                         build/startup_stm32h7a3xxq.o
BDMA2_Channel5_IRQHandler                         build/startup_stm32h7a3xxq.o
BDMA2_Channel6_IRQHandler                         build/startup_stm32h7a3xxq.o
BDMA2_Channel7_IRQHandler                         build/startup_stm32h7a3xxq.o
BusFault_Handler                                  build/stm32h7xx_it.o
CEC_IRQHandler                                    build/startup_stm32h7a3xxq.o
COMP_IRQHandler                                   build/startup_stm32h7a3xxq.o
CRS_IRQHandler                                    build/startup_stm32h7a3xxq.o
D1CorePrescTable                                  build/system_stm32h7xx.o
                                                  build/stm32h7xx_hal.o
                                                  build/stm32h7xx_hal_rcc_ex.o
                                                  build/stm32h7xx_hal_rcc.o
DAC2_IRQHandler                                   build/startup_stm32h7a3xxq.o
DCMI_PSSI_IRQHandler                              build/startup_stm32h7a3xxq.o
DFSDM1_FLT0_IRQHandler                            build/startup_stm32h7a3xxq.o
DFSDM1_FLT1_IRQHandler                            build/startup_stm32h7a3xxq.o
DFSDM1_FLT2_IRQHandler                            build/startup_stm32h7a3xxq.o
DFSDM1_FLT3_IRQHandler                            build/startup_stm32h7a3xxq.o
DFSDM1_FLT4_IRQHandler                            build/startup_stm32h7a3xxq.o
DFSDM1_FLT5_IRQHandler                            build/startup_stm32h7a3xxq.o
DFSDM1_FLT6_IRQHandler                            build/startup_stm32h7a3xxq.o
DFSDM1_FLT7_IRQHandler                            build/startup_stm32h7a3xxq.o
DFSDM2_IRQHandler                                 build/startup_stm32h7a3xxq.o
DMA1_Stream0_IRQHandler                           build/startup_stm32h7a3xxq.o
DMA1_Stream1_IRQHandler                           build/startup_stm32h7a3xxq.o
DMA1_Stream2_IRQHandler                           build/startup_stm32h7a3xxq.o
DMA1_Stream3_IRQHandler                           build/startup_stm32h7a3xxq.o
DMA1_Stream4_IRQHandler                           build/startup_stm32h7a3xxq.o
DMA1_Stream5_IRQHandler                           build/startup_stm32h7a3xxq.o
DMA1_Stream6_IRQHandler                           build/startup_stm32h7a3xxq.o
DMA1_Stream7_IRQHandler                           build/startup_stm32h7a3xxq.o
DMA2D_IRQHandler                                  build/startup_stm32h7a3xxq.o
DMA2_Stream0_IRQHandler                           build/startup_stm32h7a3xxq.o
DMA2_Stream1_IRQHandler                           build/startup_stm32h7a3xxq.o
DMA2_Stream2_IRQHandler                           build/startup_stm32h7a3xxq.o
DMA2_Stream3_IRQHandler                           build/startup_stm32h7a3xxq.o
DMA2_Stream4_IRQHandler                           build/startup_stm32h7a3xxq.o
DMA2_Stream5_IRQHandler                           build/startup_stm32h7a3xxq.o
DMA2_Stream6_IRQHandler                           build/startup_stm32h7a3xxq.o
DMA2_Stream7_IRQHandler                           build/startup_stm32h7a3xxq.o
DMAMUX1_OVR_IRQHandler                            build/startup_stm32h7a3xxq.o
DMAMUX2_OVR_IRQHandler                            build/startup_stm32h7a3xxq.o
DTS_IRQHandler                                    build/startup_stm32h7a3xxq.o
DebugMon_Handler                                  build/stm32h7xx_it.o
Default_Handler                                   build/startup_stm32h7a3xxq.o
ECC_IRQHandler                                    build/startup_stm32h7a3xxq.o
EXTI0_IRQHandler                                  build/startup_stm32h7a3xxq.o
EXTI15_10_IRQHandler                              build/startup_stm32h7a3xxq.o
EXTI1_IRQHandler                                  build/startup_stm32h7a3xxq.o
EXTI2_IRQHandler                                  build/startup_stm32h7a3xxq.o
EXTI3_IRQHandler                                  build/startup_stm32h7a3xxq.o
EXTI4_IRQHandler                                  build/startup_stm32h7a3xxq.o
EXTI9_5_IRQHandler                                build/startup_stm32h7a3xxq.o
Error_Handler                                     build/main.o
                                                  build/stm32h7xx_hal_msp.o
FDCAN1_IT0_IRQHandler                             build/startup_stm32h7a3xxq.o
FDCAN1_IT1_IRQHandler                             build/startup_stm32h7a3xxq.o
FDCAN2_IT0_IRQHandler                             build/startup_stm32h7a3xxq.o
FDCAN2_IT1_IRQHandler                             build/startup_stm32h7a3xxq.o
FDCAN_CAL_IRQHandler                              build/startup_stm32h7a3xxq.o
FLASH_CRC_WaitForLastOperation                    build/stm32h7xx_hal_flash.o
                                                  build/stm32h7xx_hal_flash_ex.o
FLASH_Erase_Sector                                build/stm32h7xx_hal_flash_ex.o
                                                  build/stm32h7xx_hal_flash.o
FLASH_IRQHandler                                  build/startup_stm32h7a3xxq.o
FLASH_OB_WaitForLastOperation                     build/stm32h7xx_hal_flash.o
                                                  build/stm32h7xx_hal_flash_ex.o
FLASH_WaitForLastOperation                        build/stm32h7xx_hal_flash.o
                                                  build/stm32h7xx_hal_flash_ex.o
FMC_IRQHandler                                    build/startup_stm32h7a3xxq.o
FPU_IRQHandler                                    build/startup_stm32h7a3xxq.o
GFXMMU_IRQHandler                                 build/startup_stm32h7a3xxq.o
HAL_DBGMCU_DisableDBGSleepMode                    build/stm32h7xx_hal.o
HAL_DBGMCU_DisableDBGStandbyMode                  build/stm32h7xx_hal.o
HAL_DBGMCU_DisableDBGStopMode                     build/stm32h7xx_hal.o
HAL_DBGMCU_EnableDBGSleepMode                     build/stm32h7xx_hal.o
HAL_DBGMCU_EnableDBGStandbyMode                   build/stm32h7xx_hal.o
HAL_DBGMCU_EnableDBGStopMode                      build/stm32h7xx_hal.o
HAL_DMAEx_ChangeMemory                            build/stm32h7xx_hal_dma_ex.o
HAL_DMAEx_ConfigMuxRequestGenerator               build/stm32h7xx_hal_dma_ex.o
HAL_DMAEx_ConfigMuxSync                           build/stm32h7xx_hal_dma_ex.o
HAL_DMAEx_DisableMuxRequestGenerator              build/stm32h7xx_hal_dma_ex.o
HAL_DMAEx_EnableMuxRequestGenerator               build/stm32h7xx_hal_dma_ex.o
HAL_DMAEx_MUX_IRQHandler                          build/stm32h7xx_hal_dma_ex.o
HAL_DMAEx_MultiBufferStart                        build/stm32h7xx_hal_dma_ex.o
HAL_DMAEx_MultiBufferStart_IT                     build/stm32h7xx_hal_dma_ex.o
HAL_DMA_Abort                                     build/stm32h7xx_hal_dma.o
                                                  build/stm32h7xx_hal_uart.o
HAL_DMA_Abort_IT                                  build/stm32h7xx_hal_dma.o
                                                  build/stm32h7xx_hal_i2c.o
                                                  build/stm32h7xx_hal_uart.o
HAL_DMA_DeInit                                    build/stm32h7xx_hal_dma.o
HAL_DMA_GetError                                  build/stm32h7xx_hal_dma.o
                                                  build/stm32h7xx_hal_i2c.o
                                                  build/stm32h7xx_hal_uart.o
HAL_DMA_GetState                                  build/stm32h7xx_hal_dma.o
                                                  build/stm32h7xx_hal_i2c.o
HAL_DMA_IRQHandler                                build/stm32h7xx_hal_dma.o
HAL_DMA_Init                                      build/stm32h7xx_hal_dma.o
HAL_DMA_PollForTransfer                           build/stm32h7xx_hal_dma.o
HAL_DMA_RegisterCallback                          build/stm32h7xx_hal_dma.o
HAL_DMA_Start                                     build/stm32h7xx_hal_dma.o
HAL_DMA_Start_IT                                  build/stm32h7xx_hal_dma.o
                                                  build/stm32h7xx_hal_i2c.o
                                                  build/stm32h7xx_hal_uart.o
HAL_DMA_UnRegisterCallback                        build/stm32h7xx_hal_dma.o
HAL_DeInit                                        build/stm32h7xx_hal.o
HAL_Delay                                         build/stm32h7xx_hal.o
                                                  build/main.o
HAL_DisableCompensationCell                       build/stm32h7xx_hal.o
HAL_DisableDomain3DBGStandbyMode                  build/stm32h7xx_hal.o
HAL_DisableDomain3DBGStopMode                     build/stm32h7xx_hal.o
HAL_EXTI_ClearConfigLine                          build/stm32h7xx_hal_exti.o
HAL_EXTI_ClearPending                             build/stm32h7xx_hal_exti.o
HAL_EXTI_D1_ClearFlag                             build/stm32h7xx_hal.o
HAL_EXTI_D1_EventInputConfig                      build/stm32h7xx_hal.o
HAL_EXTI_D3_EventInputConfig                      build/stm32h7xx_hal.o
HAL_EXTI_EdgeConfig                               build/stm32h7xx_hal.o
HAL_EXTI_GenerateSWI                              build/stm32h7xx_hal_exti.o
HAL_EXTI_GenerateSWInterrupt                      build/stm32h7xx_hal.o
HAL_EXTI_GetConfigLine                            build/stm32h7xx_hal_exti.o
HAL_EXTI_GetHandle                                build/stm32h7xx_hal_exti.o
HAL_EXTI_GetPending                               build/stm32h7xx_hal_exti.o
HAL_EXTI_IRQHandler                               build/stm32h7xx_hal_exti.o
HAL_EXTI_RegisterCallback                         build/stm32h7xx_hal_exti.o
HAL_EXTI_SetConfigLine                            build/stm32h7xx_hal_exti.o
HAL_EnableCompensationCell                        build/stm32h7xx_hal.o
HAL_EnableDomain3DBGStandbyMode                   build/stm32h7xx_hal.o
HAL_EnableDomain3DBGStopMode                      build/stm32h7xx_hal.o
HAL_FLASHEx_ComputeCRC                            build/stm32h7xx_hal_flash_ex.o
HAL_FLASHEx_Erase                                 build/stm32h7xx_hal_flash_ex.o
HAL_FLASHEx_Erase_IT                              build/stm32h7xx_hal_flash_ex.o
HAL_FLASHEx_Lock_Bank1                            build/stm32h7xx_hal_flash_ex.o
HAL_FLASHEx_Lock_Bank2                            build/stm32h7xx_hal_flash_ex.o
HAL_FLASHEx_OBGetConfig                           build/stm32h7xx_hal_flash_ex.o
HAL_FLASHEx_OBProgram                             build/stm32h7xx_hal_flash_ex.o
HAL_FLASHEx_Unlock_Bank1                          build/stm32h7xx_hal_flash_ex.o
HAL_FLASHEx_Unlock_Bank2                          build/stm32h7xx_hal_flash_ex.o
HAL_FLASH_EndOfOperationCallback                  build/stm32h7xx_hal_flash.o
HAL_FLASH_GetError                                build/stm32h7xx_hal_flash.o
HAL_FLASH_IRQHandler                              build/stm32h7xx_hal_flash.o
HAL_FLASH_Lock                                    build/stm32h7xx_hal_flash.o
HAL_FLASH_OB_Launch                               build/stm32h7xx_hal_flash.o
HAL_FLASH_OB_Lock                                 build/stm32h7xx_hal_flash.o
HAL_FLASH_OB_Unlock                               build/stm32h7xx_hal_flash.o
HAL_FLASH_OperationErrorCallback                  build/stm32h7xx_hal_flash.o
HAL_FLASH_Program                                 build/stm32h7xx_hal_flash.o
HAL_FLASH_Program_IT                              build/stm32h7xx_hal_flash.o
HAL_FLASH_Unlock                                  build/stm32h7xx_hal_flash.o
HAL_GPIO_DeInit                                   build/stm32h7xx_hal_gpio.o
                                                  build/stm32h7xx_hal_msp.o
HAL_GPIO_EXTI_Callback                            build/stm32h7xx_hal_gpio.o
HAL_GPIO_EXTI_IRQHandler                          build/stm32h7xx_hal_gpio.o
HAL_GPIO_Init                                     build/stm32h7xx_hal_gpio.o
                                                  build/stm32h7xx_hal_rcc.o
                                                  build/stm32h7xx_hal_msp.o
                                                  build/main.o
HAL_GPIO_LockPin                                  build/stm32h7xx_hal_gpio.o
HAL_GPIO_ReadPin                                  build/stm32h7xx_hal_gpio.o
HAL_GPIO_TogglePin                                build/stm32h7xx_hal_gpio.o
                                                  build/main.o
HAL_GPIO_WritePin                                 build/stm32h7xx_hal_gpio.o
                                                  build/main.o
HAL_GetCurrentCPUID                               build/stm32h7xx_hal_cortex.o
HAL_GetDEVID                                      build/stm32h7xx_hal.o
HAL_GetFMCMemorySwappingConfig                    build/stm32h7xx_hal.o
HAL_GetHalVersion                                 build/stm32h7xx_hal.o
HAL_GetREVID                                      build/stm32h7xx_hal.o
                                                  build/stm32h7xx_hal_rcc_ex.o
HAL_GetTick                                       build/stm32h7xx_hal.o
                                                  build/stm32h7xx_hal_i2c.o
                                                  build/stm32h7xx_hal_pwr_ex.o
                                                  build/stm32h7xx_hal_mdma.o
                                                  build/stm32h7xx_hal_dma.o
                                                  build/stm32h7xx_hal_flash.o
                                                  build/stm32h7xx_hal_rcc_ex.o
                                                  build/stm32h7xx_hal_rcc.o
                                                  build/stm32h7xx_hal_uart_ex.o
                                                  build/stm32h7xx_hal_uart.o
HAL_GetTickFreq                                   build/stm32h7xx_hal.o
HAL_GetTickPrio                                   build/stm32h7xx_hal.o
HAL_GetUIDw0                                      build/stm32h7xx_hal.o
HAL_GetUIDw1                                      build/stm32h7xx_hal.o
HAL_GetUIDw2                                      build/stm32h7xx_hal.o
HAL_HSEM_ActivateNotification                     build/stm32h7xx_hal_hsem.o
HAL_HSEM_DeactivateNotification                   build/stm32h7xx_hal_hsem.o
HAL_HSEM_FastTake                                 build/stm32h7xx_hal_hsem.o
HAL_HSEM_FreeCallback                             build/stm32h7xx_hal_hsem.o
HAL_HSEM_GetClearKey                              build/stm32h7xx_hal_hsem.o
HAL_HSEM_IRQHandler                               build/stm32h7xx_hal_hsem.o
HAL_HSEM_IsSemTaken                               build/stm32h7xx_hal_hsem.o
HAL_HSEM_Release                                  build/stm32h7xx_hal_hsem.o
HAL_HSEM_ReleaseAll                               build/stm32h7xx_hal_hsem.o
HAL_HSEM_SetClearKey                              build/stm32h7xx_hal_hsem.o
HAL_HSEM_Take                                     build/stm32h7xx_hal_hsem.o
HAL_HalfDuplex_EnableReceiver                     build/stm32h7xx_hal_uart.o
HAL_HalfDuplex_EnableTransmitter                  build/stm32h7xx_hal_uart.o
HAL_HalfDuplex_Init                               build/stm32h7xx_hal_uart.o
HAL_I2CEx_ConfigAnalogFilter                      build/stm32h7xx_hal_i2c_ex.o
HAL_I2CEx_ConfigDigitalFilter                     build/stm32h7xx_hal_i2c_ex.o
HAL_I2CEx_DisableFastModePlus                     build/stm32h7xx_hal_i2c_ex.o
HAL_I2CEx_DisableWakeUp                           build/stm32h7xx_hal_i2c_ex.o
HAL_I2CEx_EnableFastModePlus                      build/stm32h7xx_hal_i2c_ex.o
HAL_I2CEx_EnableWakeUp                            build/stm32h7xx_hal_i2c_ex.o
HAL_I2C_AbortCpltCallback                         build/stm32h7xx_hal_i2c.o
HAL_I2C_AddrCallback                              build/stm32h7xx_hal_i2c.o
HAL_I2C_DeInit                                    build/stm32h7xx_hal_i2c.o
HAL_I2C_DisableListen_IT                          build/stm32h7xx_hal_i2c.o
HAL_I2C_ER_IRQHandler                             build/stm32h7xx_hal_i2c.o
HAL_I2C_EV_IRQHandler                             build/stm32h7xx_hal_i2c.o
HAL_I2C_EnableListen_IT                           build/stm32h7xx_hal_i2c.o
HAL_I2C_ErrorCallback                             build/stm32h7xx_hal_i2c.o
HAL_I2C_GetError                                  build/stm32h7xx_hal_i2c.o
HAL_I2C_GetMode                                   build/stm32h7xx_hal_i2c.o
HAL_I2C_GetState                                  build/stm32h7xx_hal_i2c.o
HAL_I2C_Init                                      build/stm32h7xx_hal_i2c.o
HAL_I2C_IsDeviceReady                             build/stm32h7xx_hal_i2c.o
HAL_I2C_ListenCpltCallback                        build/stm32h7xx_hal_i2c.o
HAL_I2C_MasterRxCpltCallback                      build/stm32h7xx_hal_i2c.o
HAL_I2C_MasterTxCpltCallback                      build/stm32h7xx_hal_i2c.o
HAL_I2C_Master_Abort_IT                           build/stm32h7xx_hal_i2c.o
HAL_I2C_Master_Receive                            build/stm32h7xx_hal_i2c.o
HAL_I2C_Master_Receive_DMA                        build/stm32h7xx_hal_i2c.o
HAL_I2C_Master_Receive_IT                         build/stm32h7xx_hal_i2c.o
HAL_I2C_Master_Seq_Receive_DMA                    build/stm32h7xx_hal_i2c.o
HAL_I2C_Master_Seq_Receive_IT                     build/stm32h7xx_hal_i2c.o
HAL_I2C_Master_Seq_Transmit_DMA                   build/stm32h7xx_hal_i2c.o
HAL_I2C_Master_Seq_Transmit_IT                    build/stm32h7xx_hal_i2c.o
HAL_I2C_Master_Transmit                           build/stm32h7xx_hal_i2c.o
HAL_I2C_Master_Transmit_DMA                       build/stm32h7xx_hal_i2c.o
HAL_I2C_Master_Transmit_IT                        build/stm32h7xx_hal_i2c.o
HAL_I2C_MemRxCpltCallback                         build/stm32h7xx_hal_i2c.o
HAL_I2C_MemTxCpltCallback                         build/stm32h7xx_hal_i2c.o
HAL_I2C_Mem_Read                                  build/stm32h7xx_hal_i2c.o
HAL_I2C_Mem_Read_DMA                              build/stm32h7xx_hal_i2c.o
HAL_I2C_Mem_Read_IT                               build/stm32h7xx_hal_i2c.o
HAL_I2C_Mem_Write                                 build/stm32h7xx_hal_i2c.o
HAL_I2C_Mem_Write_DMA                             build/stm32h7xx_hal_i2c.o
HAL_I2C_Mem_Write_IT                              build/stm32h7xx_hal_i2c.o
HAL_I2C_MspDeInit                                 build/stm32h7xx_hal_i2c.o
HAL_I2C_MspInit                                   build/stm32h7xx_hal_i2c.o
HAL_I2C_SlaveRxCpltCallback                       build/stm32h7xx_hal_i2c.o
HAL_I2C_SlaveTxCpltCallback                       build/stm32h7xx_hal_i2c.o
HAL_I2C_Slave_Receive                             build/stm32h7xx_hal_i2c.o
HAL_I2C_Slave_Receive_DMA                         build/stm32h7xx_hal_i2c.o
HAL_I2C_Slave_Receive_IT                          build/stm32h7xx_hal_i2c.o
HAL_I2C_Slave_Seq_Receive_DMA                     build/stm32h7xx_hal_i2c.o
HAL_I2C_Slave_Seq_Receive_IT                      build/stm32h7xx_hal_i2c.o
HAL_I2C_Slave_Seq_Transmit_DMA                    build/stm32h7xx_hal_i2c.o
HAL_I2C_Slave_Seq_Transmit_IT                     build/stm32h7xx_hal_i2c.o
HAL_I2C_Slave_Transmit                            build/stm32h7xx_hal_i2c.o
HAL_I2C_Slave_Transmit_DMA                        build/stm32h7xx_hal_i2c.o
HAL_I2C_Slave_Transmit_IT                         build/stm32h7xx_hal_i2c.o
HAL_IncTick                                       build/stm32h7xx_hal.o
                                                  build/stm32h7xx_it.o
HAL_Init                                          build/stm32h7xx_hal.o
                                                  build/main.o
HAL_InitTick                                      build/stm32h7xx_hal.o
                                                  build/stm32h7xx_hal_rcc.o
HAL_LIN_Init                                      build/stm32h7xx_hal_uart.o
HAL_LIN_SendBreak                                 build/stm32h7xx_hal_uart.o
HAL_MDMA_Abort                                    build/stm32h7xx_hal_mdma.o
HAL_MDMA_Abort_IT                                 build/stm32h7xx_hal_mdma.o
HAL_MDMA_ConfigPostRequestMask                    build/stm32h7xx_hal_mdma.o
HAL_MDMA_DeInit                                   build/stm32h7xx_hal_mdma.o
HAL_MDMA_GenerateSWRequest                        build/stm32h7xx_hal_mdma.o
HAL_MDMA_GetError                                 build/stm32h7xx_hal_mdma.o
HAL_MDMA_GetState                                 build/stm32h7xx_hal_mdma.o
HAL_MDMA_IRQHandler                               build/stm32h7xx_hal_mdma.o
HAL_MDMA_Init                                     build/stm32h7xx_hal_mdma.o
HAL_MDMA_LinkedList_AddNode                       build/stm32h7xx_hal_mdma.o
HAL_MDMA_LinkedList_CreateNode                    build/stm32h7xx_hal_mdma.o
HAL_MDMA_LinkedList_DisableCircularMode           build/stm32h7xx_hal_mdma.o
HAL_MDMA_LinkedList_EnableCircularMode            build/stm32h7xx_hal_mdma.o
HAL_MDMA_LinkedList_RemoveNode                    build/stm32h7xx_hal_mdma.o
HAL_MDMA_PollForTransfer                          build/stm32h7xx_hal_mdma.o
HAL_MDMA_RegisterCallback                         build/stm32h7xx_hal_mdma.o
HAL_MDMA_Start                                    build/stm32h7xx_hal_mdma.o
HAL_MDMA_Start_IT                                 build/stm32h7xx_hal_mdma.o
HAL_MDMA_UnRegisterCallback                       build/stm32h7xx_hal_mdma.o
HAL_MPU_ConfigRegion                              build/stm32h7xx_hal_cortex.o
HAL_MPU_Disable                                   build/stm32h7xx_hal_cortex.o
HAL_MPU_Enable                                    build/stm32h7xx_hal_cortex.o
HAL_MspDeInit                                     build/stm32h7xx_hal.o
HAL_MspInit                                       build/stm32h7xx_hal_msp.o
HAL_MultiProcessorEx_AddressLength_Set            build/stm32h7xx_hal_uart_ex.o
HAL_MultiProcessor_DisableMuteMode                build/stm32h7xx_hal_uart.o
HAL_MultiProcessor_EnableMuteMode                 build/stm32h7xx_hal_uart.o
HAL_MultiProcessor_EnterMuteMode                  build/stm32h7xx_hal_uart.o
HAL_MultiProcessor_Init                           build/stm32h7xx_hal_uart.o
HAL_NVIC_ClearPendingIRQ                          build/stm32h7xx_hal_cortex.o
HAL_NVIC_DisableIRQ                               build/stm32h7xx_hal_cortex.o
HAL_NVIC_EnableIRQ                                build/stm32h7xx_hal_cortex.o
HAL_NVIC_GetActive                                build/stm32h7xx_hal_cortex.o
HAL_NVIC_GetPendingIRQ                            build/stm32h7xx_hal_cortex.o
HAL_NVIC_GetPriority                              build/stm32h7xx_hal_cortex.o
HAL_NVIC_GetPriorityGrouping                      build/stm32h7xx_hal_cortex.o
HAL_NVIC_SetPendingIRQ                            build/stm32h7xx_hal_cortex.o
HAL_NVIC_SetPriority                              build/stm32h7xx_hal_cortex.o
                                                  build/stm32h7xx_hal.o
HAL_NVIC_SetPriorityGrouping                      build/stm32h7xx_hal_cortex.o
                                                  build/stm32h7xx_hal.o
HAL_NVIC_SystemReset                              build/stm32h7xx_hal_cortex.o
HAL_PWREx_AVDCallback                             build/stm32h7xx_hal_pwr_ex.o
HAL_PWREx_ClearPendingEvent                       build/stm32h7xx_hal_pwr_ex.o
HAL_PWREx_ClearWakeupFlag                         build/stm32h7xx_hal_pwr_ex.o
HAL_PWREx_ConfigAVD                               build/stm32h7xx_hal_pwr_ex.o
HAL_PWREx_ConfigD3Domain                          build/stm32h7xx_hal_pwr_ex.o
HAL_PWREx_ConfigSupply                            build/stm32h7xx_hal_pwr_ex.o
                                                  build/main.o
HAL_PWREx_ControlStopModeVoltageScaling           build/stm32h7xx_hal_pwr_ex.o
HAL_PWREx_ControlVoltageScaling                   build/stm32h7xx_hal_pwr_ex.o
HAL_PWREx_DisableAVD                              build/stm32h7xx_hal_pwr_ex.o
HAL_PWREx_DisableAnalogBooster                    build/stm32h7xx_hal_pwr_ex.o
HAL_PWREx_DisableBatteryCharging                  build/stm32h7xx_hal_pwr_ex.o
HAL_PWREx_DisableBkUpReg                          build/stm32h7xx_hal_pwr_ex.o
HAL_PWREx_DisableFlashPowerDown                   build/stm32h7xx_hal_pwr_ex.o
HAL_PWREx_DisableMemoryShutOff                    build/stm32h7xx_hal_pwr_ex.o
HAL_PWREx_DisableMonitoring                       build/stm32h7xx_hal_pwr_ex.o
HAL_PWREx_DisableUSBReg                           build/stm32h7xx_hal_pwr_ex.o
HAL_PWREx_DisableUSBVoltageDetector               build/stm32h7xx_hal_pwr_ex.o
HAL_PWREx_DisableWakeUpPin                        build/stm32h7xx_hal_pwr_ex.o
HAL_PWREx_EnableAVD                               build/stm32h7xx_hal_pwr_ex.o
HAL_PWREx_EnableAnalogBooster                     build/stm32h7xx_hal_pwr_ex.o
HAL_PWREx_EnableBatteryCharging                   build/stm32h7xx_hal_pwr_ex.o
HAL_PWREx_EnableBkUpReg                           build/stm32h7xx_hal_pwr_ex.o
HAL_PWREx_EnableFlashPowerDown                    build/stm32h7xx_hal_pwr_ex.o
HAL_PWREx_EnableMemoryShutOff                     build/stm32h7xx_hal_pwr_ex.o
HAL_PWREx_EnableMonitoring                        build/stm32h7xx_hal_pwr_ex.o
HAL_PWREx_EnableUSBReg                            build/stm32h7xx_hal_pwr_ex.o
HAL_PWREx_EnableUSBVoltageDetector                build/stm32h7xx_hal_pwr_ex.o
HAL_PWREx_EnableWakeUpPin                         build/stm32h7xx_hal_pwr_ex.o
HAL_PWREx_EnterSTANDBYMode                        build/stm32h7xx_hal_pwr_ex.o
HAL_PWREx_EnterSTOP2Mode                          build/stm32h7xx_hal_pwr_ex.o
HAL_PWREx_EnterSTOPMode                           build/stm32h7xx_hal_pwr_ex.o
HAL_PWREx_GetMMCVoltage                           build/stm32h7xx_hal_pwr_ex.o
HAL_PWREx_GetStopModeVoltageRange                 build/stm32h7xx_hal_pwr_ex.o
HAL_PWREx_GetSupplyConfig                         build/stm32h7xx_hal_pwr_ex.o
HAL_PWREx_GetTemperatureLevel                     build/stm32h7xx_hal_pwr_ex.o
HAL_PWREx_GetVBATLevel                            build/stm32h7xx_hal_pwr_ex.o
HAL_PWREx_GetVoltageRange                         build/stm32h7xx_hal_pwr_ex.o
HAL_PWREx_GetWakeupFlag                           build/stm32h7xx_hal_pwr_ex.o
HAL_PWREx_PVD_AVD_IRQHandler                      build/stm32h7xx_hal_pwr_ex.o
HAL_PWREx_WAKEUP_PIN_IRQHandler                   build/stm32h7xx_hal_pwr_ex.o
HAL_PWREx_WKUP1_Callback                          build/stm32h7xx_hal_pwr_ex.o
HAL_PWREx_WKUP2_Callback                          build/stm32h7xx_hal_pwr_ex.o
HAL_PWREx_WKUP3_Callback                          build/stm32h7xx_hal_pwr_ex.o
HAL_PWREx_WKUP4_Callback                          build/stm32h7xx_hal_pwr_ex.o
HAL_PWREx_WKUP5_Callback                          build/stm32h7xx_hal_pwr_ex.o
HAL_PWREx_WKUP6_Callback                          build/stm32h7xx_hal_pwr_ex.o
HAL_PWR_ConfigPVD                                 build/stm32h7xx_hal_pwr.o
HAL_PWR_DeInit                                    build/stm32h7xx_hal_pwr.o
HAL_PWR_DisableBkUpAccess                         build/stm32h7xx_hal_pwr.o
HAL_PWR_DisablePVD                                build/stm32h7xx_hal_pwr.o
HAL_PWR_DisableSEVOnPend                          build/stm32h7xx_hal_pwr.o
HAL_PWR_DisableSleepOnExit                        build/stm32h7xx_hal_pwr.o
HAL_PWR_DisableWakeUpPin                          build/stm32h7xx_hal_pwr.o
HAL_PWR_EnableBkUpAccess                          build/stm32h7xx_hal_pwr.o
HAL_PWR_EnablePVD                                 build/stm32h7xx_hal_pwr.o
HAL_PWR_EnableSEVOnPend                           build/stm32h7xx_hal_pwr.o
HAL_PWR_EnableSleepOnExit                         build/stm32h7xx_hal_pwr.o
HAL_PWR_EnableWakeUpPin                           build/stm32h7xx_hal_pwr.o
HAL_PWR_EnterSLEEPMode                            build/stm32h7xx_hal_pwr.o
HAL_PWR_EnterSTANDBYMode                          build/stm32h7xx_hal_pwr.o
HAL_PWR_EnterSTOPMode                             build/stm32h7xx_hal_pwr.o
HAL_PWR_PVDCallback                               build/stm32h7xx_hal_pwr.o
                                                  build/stm32h7xx_hal_pwr_ex.o
HAL_PWR_PVD_IRQHandler                            build/stm32h7xx_hal_pwr.o
HAL_RCCEx_CRSConfig                               build/stm32h7xx_hal_rcc_ex.o
HAL_RCCEx_CRSGetSynchronizationInfo               build/stm32h7xx_hal_rcc_ex.o
HAL_RCCEx_CRSSoftwareSynchronizationGenerate      build/stm32h7xx_hal_rcc_ex.o
HAL_RCCEx_CRSWaitSynchronization                  build/stm32h7xx_hal_rcc_ex.o
HAL_RCCEx_CRS_ErrorCallback                       build/stm32h7xx_hal_rcc_ex.o
HAL_RCCEx_CRS_ExpectedSyncCallback                build/stm32h7xx_hal_rcc_ex.o
HAL_RCCEx_CRS_IRQHandler                          build/stm32h7xx_hal_rcc_ex.o
HAL_RCCEx_CRS_SyncOkCallback                      build/stm32h7xx_hal_rcc_ex.o
HAL_RCCEx_CRS_SyncWarnCallback                    build/stm32h7xx_hal_rcc_ex.o
HAL_RCCEx_DisableLSECSS                           build/stm32h7xx_hal_rcc_ex.o
HAL_RCCEx_EnableLSECSS                            build/stm32h7xx_hal_rcc_ex.o
HAL_RCCEx_EnableLSECSS_IT                         build/stm32h7xx_hal_rcc_ex.o
HAL_RCCEx_GetD1PCLK1Freq                          build/stm32h7xx_hal_rcc_ex.o
HAL_RCCEx_GetD1SysClockFreq                       build/stm32h7xx_hal_rcc_ex.o
HAL_RCCEx_GetD3PCLK1Freq                          build/stm32h7xx_hal_rcc_ex.o
                                                  build/stm32h7xx_hal_uart.o
HAL_RCCEx_GetPLL1ClockFreq                        build/stm32h7xx_hal_rcc_ex.o
HAL_RCCEx_GetPLL2ClockFreq                        build/stm32h7xx_hal_rcc_ex.o
                                                  build/stm32h7xx_hal_uart.o
HAL_RCCEx_GetPLL3ClockFreq                        build/stm32h7xx_hal_rcc_ex.o
                                                  build/stm32h7xx_hal_uart.o
HAL_RCCEx_GetPeriphCLKConfig                      build/stm32h7xx_hal_rcc_ex.o
HAL_RCCEx_GetPeriphCLKFreq                        build/stm32h7xx_hal_rcc_ex.o
HAL_RCCEx_KerWakeUpStopCLKConfig                  build/stm32h7xx_hal_rcc_ex.o
HAL_RCCEx_LSECSS_Callback                         build/stm32h7xx_hal_rcc_ex.o
HAL_RCCEx_LSECSS_IRQHandler                       build/stm32h7xx_hal_rcc_ex.o
HAL_RCCEx_PeriphCLKConfig                         build/stm32h7xx_hal_rcc_ex.o
                                                  build/stm32h7xx_hal_msp.o
HAL_RCCEx_WakeUpStopCLKConfig                     build/stm32h7xx_hal_rcc_ex.o
HAL_RCC_CSSCallback                               build/stm32h7xx_hal_rcc.o
HAL_RCC_ClockConfig                               build/stm32h7xx_hal_rcc.o
                                                  build/main.o
HAL_RCC_DeInit                                    build/stm32h7xx_hal_rcc.o
HAL_RCC_DisableCSS                                build/stm32h7xx_hal_rcc.o
HAL_RCC_EnableCSS                                 build/stm32h7xx_hal_rcc.o
HAL_RCC_GetClockConfig                            build/stm32h7xx_hal_rcc.o
HAL_RCC_GetHCLKFreq                               build/stm32h7xx_hal_rcc.o
                                                  build/stm32h7xx_hal_rcc_ex.o
HAL_RCC_GetOscConfig                              build/stm32h7xx_hal_rcc.o
HAL_RCC_GetPCLK1Freq                              build/stm32h7xx_hal_rcc.o
                                                  build/stm32h7xx_hal_rcc_ex.o
                                                  build/stm32h7xx_hal_uart.o
HAL_RCC_GetPCLK2Freq                              build/stm32h7xx_hal_rcc.o
                                                  build/stm32h7xx_hal_uart.o
HAL_RCC_GetSysClockFreq                           build/stm32h7xx_hal_rcc.o
                                                  build/stm32h7xx_hal.o
                                                  build/stm32h7xx_hal_rcc_ex.o
HAL_RCC_MCOConfig                                 build/stm32h7xx_hal_rcc.o
HAL_RCC_NMI_IRQHandler                            build/stm32h7xx_hal_rcc.o
HAL_RCC_OscConfig                                 build/stm32h7xx_hal_rcc.o
                                                  build/main.o
HAL_RS485Ex_Init                                  build/stm32h7xx_hal_uart_ex.o
HAL_ResumeTick                                    build/stm32h7xx_hal.o
HAL_SYSCFG_AnalogSwitchConfig                     build/stm32h7xx_hal.o
HAL_SYSCFG_CompensationCodeConfig                 build/stm32h7xx_hal.o
HAL_SYSCFG_CompensationCodeSelect                 build/stm32h7xx_hal.o
HAL_SYSCFG_DisableIOSpeedOptimize                 build/stm32h7xx_hal.o
HAL_SYSCFG_DisableVREFBUF                         build/stm32h7xx_hal.o
HAL_SYSCFG_EnableIOSpeedOptimize                  build/stm32h7xx_hal.o
HAL_SYSCFG_EnableVREFBUF                          build/stm32h7xx_hal.o
HAL_SYSCFG_VDDMMC_CompensationCodeConfig          build/stm32h7xx_hal.o
HAL_SYSCFG_VREFBUF_HighImpedanceConfig            build/stm32h7xx_hal.o
HAL_SYSCFG_VREFBUF_TrimmingConfig                 build/stm32h7xx_hal.o
HAL_SYSCFG_VREFBUF_VoltageScalingConfig           build/stm32h7xx_hal.o
HAL_SYSTICK_CLKSourceConfig                       build/stm32h7xx_hal_cortex.o
HAL_SYSTICK_Callback                              build/stm32h7xx_hal_cortex.o
HAL_SYSTICK_Config                                build/stm32h7xx_hal_cortex.o
                                                  build/stm32h7xx_hal.o
HAL_SYSTICK_IRQHandler                            build/stm32h7xx_hal_cortex.o
HAL_SetFMCMemorySwappingConfig                    build/stm32h7xx_hal.o
HAL_SetTickFreq                                   build/stm32h7xx_hal.o
HAL_SuspendTick                                   build/stm32h7xx_hal.o
HAL_UARTEx_DisableFifoMode                        build/stm32h7xx_hal_uart_ex.o
                                                  build/main.o
HAL_UARTEx_DisableStopMode                        build/stm32h7xx_hal_uart_ex.o
HAL_UARTEx_EnableFifoMode                         build/stm32h7xx_hal_uart_ex.o
HAL_UARTEx_EnableStopMode                         build/stm32h7xx_hal_uart_ex.o
HAL_UARTEx_GetRxEventType                         build/stm32h7xx_hal_uart_ex.o
HAL_UARTEx_ReceiveToIdle                          build/stm32h7xx_hal_uart_ex.o
HAL_UARTEx_ReceiveToIdle_DMA                      build/stm32h7xx_hal_uart_ex.o
HAL_UARTEx_ReceiveToIdle_IT                       build/stm32h7xx_hal_uart_ex.o
HAL_UARTEx_RxEventCallback                        build/stm32h7xx_hal_uart.o
HAL_UARTEx_RxFifoFullCallback                     build/stm32h7xx_hal_uart_ex.o
                                                  build/stm32h7xx_hal_uart.o
HAL_UARTEx_SetRxFifoThreshold                     build/stm32h7xx_hal_uart_ex.o
                                                  build/main.o
HAL_UARTEx_SetTxFifoThreshold                     build/stm32h7xx_hal_uart_ex.o
                                                  build/main.o
HAL_UARTEx_StopModeWakeUpSourceConfig             build/stm32h7xx_hal_uart_ex.o
HAL_UARTEx_TxFifoEmptyCallback                    build/stm32h7xx_hal_uart_ex.o
                                                  build/stm32h7xx_hal_uart.o
HAL_UARTEx_WakeupCallback                         build/stm32h7xx_hal_uart_ex.o
                                                  build/stm32h7xx_hal_uart.o
HAL_UART_Abort                                    build/stm32h7xx_hal_uart.o
HAL_UART_AbortCpltCallback                        build/stm32h7xx_hal_uart.o
HAL_UART_AbortReceive                             build/stm32h7xx_hal_uart.o
HAL_UART_AbortReceiveCpltCallback                 build/stm32h7xx_hal_uart.o
HAL_UART_AbortReceive_IT                          build/stm32h7xx_hal_uart.o
HAL_UART_AbortTransmit                            build/stm32h7xx_hal_uart.o
HAL_UART_AbortTransmitCpltCallback                build/stm32h7xx_hal_uart.o
HAL_UART_AbortTransmit_IT                         build/stm32h7xx_hal_uart.o
HAL_UART_Abort_IT                                 build/stm32h7xx_hal_uart.o
HAL_UART_DMAPause                                 build/stm32h7xx_hal_uart.o
HAL_UART_DMAResume                                build/stm32h7xx_hal_uart.o
HAL_UART_DMAStop                                  build/stm32h7xx_hal_uart.o
HAL_UART_DeInit                                   build/stm32h7xx_hal_uart.o
HAL_UART_DisableReceiverTimeout                   build/stm32h7xx_hal_uart.o
HAL_UART_EnableReceiverTimeout                    build/stm32h7xx_hal_uart.o
HAL_UART_ErrorCallback                            build/stm32h7xx_hal_uart.o
HAL_UART_GetError                                 build/stm32h7xx_hal_uart.o
HAL_UART_GetState                                 build/stm32h7xx_hal_uart.o
HAL_UART_IRQHandler                               build/stm32h7xx_hal_uart.o
HAL_UART_Init                                     build/stm32h7xx_hal_uart.o
                                                  build/main.o
HAL_UART_MspDeInit                                build/stm32h7xx_hal_msp.o
HAL_UART_MspInit                                  build/stm32h7xx_hal_msp.o
                                                  build/stm32h7xx_hal_uart_ex.o
HAL_UART_Receive                                  build/stm32h7xx_hal_uart.o
HAL_UART_Receive_DMA                              build/stm32h7xx_hal_uart.o
HAL_UART_Receive_IT                               build/stm32h7xx_hal_uart.o
HAL_UART_ReceiverTimeout_Config                   build/stm32h7xx_hal_uart.o
HAL_UART_RxCpltCallback                           build/stm32h7xx_hal_uart.o
HAL_UART_RxHalfCpltCallback                       build/stm32h7xx_hal_uart.o
HAL_UART_Transmit                                 build/stm32h7xx_hal_uart.o
HAL_UART_Transmit_DMA                             build/stm32h7xx_hal_uart.o
HAL_UART_Transmit_IT                              build/stm32h7xx_hal_uart.o
HAL_UART_TxCpltCallback                           build/stm32h7xx_hal_uart.o
HAL_UART_TxHalfCpltCallback                       build/stm32h7xx_hal_uart.o
HSEM1_IRQHandler                                  build/startup_stm32h7a3xxq.o
HardFault_Handler                                 build/stm32h7xx_it.o
I2C1_ER_IRQHandler                                build/startup_stm32h7a3xxq.o
I2C1_EV_IRQHandler                                build/startup_stm32h7a3xxq.o
I2C2_ER_IRQHandler                                build/startup_stm32h7a3xxq.o
I2C2_EV_IRQHandler                                build/startup_stm32h7a3xxq.o
I2C3_ER_IRQHandler                                build/startup_stm32h7a3xxq.o
I2C3_EV_IRQHandler                                build/startup_stm32h7a3xxq.o
I2C4_ER_IRQHandler                                build/startup_stm32h7a3xxq.o
I2C4_EV_IRQHandler                                build/startup_stm32h7a3xxq.o
JPEG_IRQHandler                                   build/startup_stm32h7a3xxq.o
LPTIM1_IRQHandler                                 build/startup_stm32h7a3xxq.o
LPTIM2_IRQHandler                                 build/startup_stm32h7a3xxq.o
LPTIM3_IRQHandler                                 build/startup_stm32h7a3xxq.o
LPTIM4_IRQHandler                                 build/startup_stm32h7a3xxq.o
LPTIM5_IRQHandler                                 build/startup_stm32h7a3xxq.o
LPUART1_IRQHandler                                build/startup_stm32h7a3xxq.o
LTDC_ER_IRQHandler                                build/startup_stm32h7a3xxq.o
LTDC_IRQHandler                                   build/startup_stm32h7a3xxq.o
MDIOS_IRQHandler                                  build/startup_stm32h7a3xxq.o
MDIOS_WKUP_IRQHandler                             build/startup_stm32h7a3xxq.o
MDMA_IRQHandler                                   build/startup_stm32h7a3xxq.o
MemManage_Handler                                 build/stm32h7xx_it.o
NMI_Handler                                       build/stm32h7xx_it.o
OCTOSPI1_IRQHandler                               build/startup_stm32h7a3xxq.o
OCTOSPI2_IRQHandler                               build/startup_stm32h7a3xxq.o
OTG_HS_EP1_IN_IRQHandler                          build/startup_stm32h7a3xxq.o
OTG_HS_EP1_OUT_IRQHandler                         build/startup_stm32h7a3xxq.o
OTG_HS_IRQHandler                                 build/startup_stm32h7a3xxq.o
OTG_HS_WKUP_IRQHandler                            build/startup_stm32h7a3xxq.o
PVD_PVM_IRQHandler                                build/startup_stm32h7a3xxq.o
PendSV_Handler                                    build/stm32h7xx_it.o
RCC_IRQHandler                                    build/startup_stm32h7a3xxq.o
RNG_IRQHandler                                    build/startup_stm32h7a3xxq.o
RTC_Alarm_IRQHandler                              build/startup_stm32h7a3xxq.o
RTC_TAMP_STAMP_CSS_LSE_IRQHandler                 build/startup_stm32h7a3xxq.o
RTC_WKUP_IRQHandler                               build/startup_stm32h7a3xxq.o
Reset_Handler                                     build/startup_stm32h7a3xxq.o
SAI1_IRQHandler                                   build/startup_stm32h7a3xxq.o
SAI2_IRQHandler                                   build/startup_stm32h7a3xxq.o
SDMMC1_IRQHandler                                 build/startup_stm32h7a3xxq.o
SDMMC2_IRQHandler                                 build/startup_stm32h7a3xxq.o
SPDIF_RX_IRQHandler                               build/startup_stm32h7a3xxq.o
SPI1_IRQHandler                                   build/startup_stm32h7a3xxq.o
SPI2_IRQHandler                                   build/startup_stm32h7a3xxq.o
SPI3_IRQHandler                                   build/startup_stm32h7a3xxq.o
SPI4_IRQHandler                                   build/startup_stm32h7a3xxq.o
SPI5_IRQHandler                                   build/startup_stm32h7a3xxq.o
SPI6_IRQHandler                                   build/startup_stm32h7a3xxq.o
SVC_Handler                                       build/stm32h7xx_it.o
SWPMI1_IRQHandler                                 build/startup_stm32h7a3xxq.o
SysTick_Handler                                   build/stm32h7xx_it.o
SystemClock_Config                                build/main.o
SystemCoreClock                                   build/system_stm32h7xx.o
                                                  build/stm32h7xx_hal.o
                                                  build/stm32h7xx_hal_mdma.o
                                                  build/stm32h7xx_hal_dma.o
                                                  build/stm32h7xx_hal_rcc_ex.o
                                                  build/stm32h7xx_hal_rcc.o
SystemCoreClockUpdate                             build/system_stm32h7xx.o
SystemD2Clock                                     build/system_stm32h7xx.o
                                                  build/stm32h7xx_hal.o
                                                  build/stm32h7xx_hal_rcc_ex.o
                                                  build/stm32h7xx_hal_rcc.o
SystemInit                                        build/system_stm32h7xx.o
                                                  build/startup_stm32h7a3xxq.o
TIM15_IRQHandler                                  build/startup_stm32h7a3xxq.o
TIM16_IRQHandler                                  build/startup_stm32h7a3xxq.o
TIM17_IRQHandler                                  build/startup_stm32h7a3xxq.o
TIM1_BRK_IRQHandler                               build/startup_stm32h7a3xxq.o
TIM1_CC_IRQHandler                                build/startup_stm32h7a3xxq.o
TIM1_TRG_COM_IRQHandler                           build/startup_stm32h7a3xxq.o
TIM1_UP_IRQHandler                                build/startup_stm32h7a3xxq.o
TIM2_IRQHandler                                   build/startup_stm32h7a3xxq.o
TIM3_IRQHandler                                   build/startup_stm32h7a3xxq.o
TIM4_IRQHandler                                   build/startup_stm32h7a3xxq.o
TIM5_IRQHandler                                   build/startup_stm32h7a3xxq.o
TIM6_DAC_IRQHandler                               build/startup_stm32h7a3xxq.o
TIM7_IRQHandler                                   build/startup_stm32h7a3xxq.o
TIM8_BRK_TIM12_IRQHandler                         build/startup_stm32h7a3xxq.o
TIM8_CC_IRQHandler                                build/startup_stm32h7a3xxq.o
TIM8_TRG_COM_TIM14_IRQHandler                     build/startup_stm32h7a3xxq.o
TIM8_UP_TIM13_IRQHandler                          build/startup_stm32h7a3xxq.o
UART4_IRQHandler                                  build/startup_stm32h7a3xxq.o
UART5_IRQHandler                                  build/startup_stm32h7a3xxq.o
UART7_IRQHandler                                  build/startup_stm32h7a3xxq.o
UART8_IRQHandler                                  build/startup_stm32h7a3xxq.o
UART9_IRQHandler                                  build/startup_stm32h7a3xxq.o
UARTPrescTable                                    build/stm32h7xx_hal_uart.o
UART_AdvFeatureConfig                             build/stm32h7xx_hal_uart.o
                                                  build/stm32h7xx_hal_uart_ex.o
UART_CheckIdleState                               build/stm32h7xx_hal_uart.o
                                                  build/stm32h7xx_hal_uart_ex.o
UART_SetConfig                                    build/stm32h7xx_hal_uart.o
                                                  build/stm32h7xx_hal_uart_ex.o
UART_Start_Receive_DMA                            build/stm32h7xx_hal_uart.o
                                                  build/stm32h7xx_hal_uart_ex.o
UART_Start_Receive_IT                             build/stm32h7xx_hal_uart.o
                                                  build/stm32h7xx_hal_uart_ex.o
UART_WaitOnFlagUntilTimeout                       build/stm32h7xx_hal_uart.o
                                                  build/stm32h7xx_hal_uart_ex.o
USART10_IRQHandler                                build/startup_stm32h7a3xxq.o
USART1_IRQHandler                                 build/startup_stm32h7a3xxq.o
USART2_IRQHandler                                 build/startup_stm32h7a3xxq.o
USART3_IRQHandler                                 build/startup_stm32h7a3xxq.o
USART6_IRQHandler                                 build/startup_stm32h7a3xxq.o
UsageFault_Handler                                build/stm32h7xx_it.o
WAKEUP_PIN_IRQHandler                             build/startup_stm32h7a3xxq.o
WWDG_IRQHandler                                   build/startup_stm32h7a3xxq.o
__aeabi_idiv0                                     /usr/lib/gcc/arm-none-eabi/13.2.0/thumb/v7e-m+dp/hard/libgcc.a(_dvmd_tls.o)
__aeabi_ldiv0                                     /usr/lib/gcc/arm-none-eabi/13.2.0/thumb/v7e-m+dp/hard/libgcc.a(_dvmd_tls.o)
                                                  /usr/lib/gcc/arm-none-eabi/13.2.0/thumb/v7e-m+dp/hard/libgcc.a(_aeabi_uldivmod.o)
__aeabi_uldivmod                                  /usr/lib/gcc/arm-none-eabi/13.2.0/thumb/v7e-m+dp/hard/libgcc.a(_aeabi_uldivmod.o)
                                                  build/stm32h7xx_hal_uart.o
__atexit                                          /usr/lib/gcc/arm-none-eabi/13.2.0/../../../../arm-none-eabi/lib/thumb/v7e-m+dp/hard/libc_nano.a(libc_a-__call_atexit.o)
                                                  /usr/lib/gcc/arm-none-eabi/13.2.0/../../../../arm-none-eabi/lib/thumb/v7e-m+dp/hard/libc_nano.a(libc_a-__atexit.o)
__atexit0                                         /usr/lib/gcc/arm-none-eabi/13.2.0/../../../../arm-none-eabi/lib/thumb/v7e-m+dp/hard/libc_nano.a(libc_a-__atexit.o)
__atexit_dummy                                    /usr/lib/gcc/arm-none-eabi/13.2.0/../../../../arm-none-eabi/lib/thumb/v7e-m+dp/hard/libc_nano.a(libc_a-__atexit.o)
__atexit_recursive_mutex                          /usr/lib/gcc/arm-none-eabi/13.2.0/../../../../arm-none-eabi/lib/thumb/v7e-m+dp/hard/libc_nano.a(libc_a-__call_atexit.o)
                                                  /usr/lib/gcc/arm-none-eabi/13.2.0/../../../../arm-none-eabi/lib/thumb/v7e-m+dp/hard/libc_nano.a(libc_a-__atexit.o)
__bss_end__                                       /usr/lib/gcc/arm-none-eabi/13.2.0/../../../../arm-none-eabi/lib/thumb/v7e-m+dp/hard/crt0.o
__bss_start__                                     /usr/lib/gcc/arm-none-eabi/13.2.0/../../../../arm-none-eabi/lib/thumb/v7e-m+dp/hard/crt0.o
__call_exitprocs                                  /usr/lib/gcc/arm-none-eabi/13.2.0/../../../../arm-none-eabi/lib/thumb/v7e-m+dp/hard/libc_nano.a(libc_a-__call_atexit.o)
                                                  /usr/lib/gcc/arm-none-eabi/13.2.0/../../../../arm-none-eabi/lib/thumb/v7e-m+dp/hard/libc_nano.a(libc_a-__atexit.o)
                                                  /usr/lib/gcc/arm-none-eabi/13.2.0/../../../../arm-none-eabi/lib/thumb/v7e-m+dp/hard/libc_nano.a(libc_a-exit.o)
__deregister_frame_info                           /usr/lib/gcc/arm-none-eabi/13.2.0/thumb/v7e-m+dp/hard/crtbegin.o
__dso_handle                                      /usr/lib/gcc/arm-none-eabi/13.2.0/thumb/v7e-m+dp/hard/crtbegin.o
__fini_array_end                                  /usr/lib/gcc/arm-none-eabi/13.2.0/../../../../arm-none-eabi/lib/thumb/v7e-m+dp/hard/libc_nano.a(libc_a-fini.o)
__fini_array_start                                /usr/lib/gcc/arm-none-eabi/13.2.0/../../../../arm-none-eabi/lib/thumb/v7e-m+dp/hard/libc_nano.a(libc_a-fini.o)
__fp_lock_all                                     /usr/lib/gcc/arm-none-eabi/13.2.0/../../../../arm-none-eabi/lib/thumb/v7e-m+dp/hard/libc_nano.a(libc_a-findfp.o)
__fp_unlock_all                                   /usr/lib/gcc/arm-none-eabi/13.2.0/../../../../arm-none-eabi/lib/thumb/v7e-m+dp/hard/libc_nano.a(libc_a-findfp.o)
__init_array_end                                  /usr/lib/gcc/arm-none-eabi/13.2.0/../../../../arm-none-eabi/lib/thumb/v7e-m+dp/hard/libc_nano.a(libc_a-init.o)
__init_array_start                                /usr/lib/gcc/arm-none-eabi/13.2.0/../../../../arm-none-eabi/lib/thumb/v7e-m+dp/hard/libc_nano.a(libc_a-init.o)
__libc_fini_array                                 /usr/lib/gcc/arm-none-eabi/13.2.0/../../../../arm-none-eabi/lib/thumb/v7e-m+dp/hard/libc_nano.a(libc_a-fini.o)
                                                  /usr/lib/gcc/arm-none-eabi/13.2.0/../../../../arm-none-eabi/lib/thumb/v7e-m+dp/hard/crt0.o
__libc_init_array                                 /usr/lib/gcc/arm-none-eabi/13.2.0/../../../../arm-none-eabi/lib/thumb/v7e-m+dp/hard/libc_nano.a(libc_a-init.o)
                                                  build/startup_stm32h7a3xxq.o
                                                  /usr/lib/gcc/arm-none-eabi/13.2.0/../../../../arm-none-eabi/lib/thumb/v7e-m+dp/hard/crt0.o
__lock___arc4random_mutex                         /usr/lib/gcc/arm-none-eabi/13.2.0/../../../../arm-none-eabi/lib/thumb/v7e-m+dp/hard/libc_nano.a(libc_a-lock.o)
__lock___at_quick_exit_mutex                      /usr/lib/gcc/arm-none-eabi/13.2.0/../../../../arm-none-eabi/lib/thumb/v7e-m+dp/hard/libc_nano.a(libc_a-lock.o)
__lock___atexit_recursive_mutex                   /usr/lib/gcc/arm-none-eabi/13.2.0/../../../../arm-none-eabi/lib/thumb/v7e-m+dp/hard/libc_nano.a(libc_a-lock.o)
                                                  /usr/lib/gcc/arm-none-eabi/13.2.0/../../../../arm-none-eabi/lib/thumb/v7e-m+dp/hard/libc_nano.a(libc_a-__call_atexit.o)
__lock___dd_hash_mutex                            /usr/lib/gcc/arm-none-eabi/13.2.0/../../../../arm-none-eabi/lib/thumb/v7e-m+dp/hard/libc_nano.a(libc_a-lock.o)